L 1 "..\..\User\Modbus\crc.c"
N#include "crc.h"
L 1 "..\..\User\Modbus\crc.h" 1
N#ifndef _crc_h_
N#define _crc_h_
N#include "stdint.h"
L 1 "d:\Keil_v4\ARM\ARMCC\bin\..\include\stdint.h" 1
N/* Copyright (C) ARM Ltd., 1999 */
N/* All rights reserved */
N
N/*
N * RCS $Revision: 178085 $
N * Checkin $Date: 2012-12-11 14:54:17 +0000 (Tue, 11 Dec 2012) $
N * Revising $Author: agrant $
N */
N
N#ifndef __stdint_h
N#define __stdint_h
N#define __ARMCLIB_VERSION 5030024
N
N  #ifndef __STDINT_DECLS
N  #define __STDINT_DECLS
N
N    #undef __CLIBNS
N
N    #ifdef __cplusplus
S      namespace std {
S          #define __CLIBNS std::
S          extern "C" {
N    #else
N      #define __CLIBNS
N    #endif  /* __cplusplus */
N
N
N/*
N * 'signed' is redundant below, except for 'signed char' and if
N * the typedef is used to declare a bitfield.
N * '__int64' is used instead of 'long long' so that this header
N * can be used in --strict mode.
N */
N
N    /* 7.18.1.1 */
N
N    /* exact-width signed integer types */
Ntypedef   signed          char int8_t;
Ntypedef   signed short     int int16_t;
Ntypedef   signed           int int32_t;
Ntypedef   signed       __int64 int64_t;
N
N    /* exact-width unsigned integer types */
Ntypedef unsigned          char uint8_t;
Ntypedef unsigned short     int uint16_t;
Ntypedef unsigned           int uint32_t;
Ntypedef unsigned       __int64 uint64_t;
N
N    /* 7.18.1.2 */
N
N    /* smallest type of at least n bits */
N    /* minimum-width signed integer types */
Ntypedef   signed          char int_least8_t;
Ntypedef   signed short     int int_least16_t;
Ntypedef   signed           int int_least32_t;
Ntypedef   signed       __int64 int_least64_t;
N
N    /* minimum-width unsigned integer types */
Ntypedef unsigned          char uint_least8_t;
Ntypedef unsigned short     int uint_least16_t;
Ntypedef unsigned           int uint_least32_t;
Ntypedef unsigned       __int64 uint_least64_t;
N
N    /* 7.18.1.3 */
N
N    /* fastest minimum-width signed integer types */
Ntypedef   signed           int int_fast8_t;
Ntypedef   signed           int int_fast16_t;
Ntypedef   signed           int int_fast32_t;
Ntypedef   signed       __int64 int_fast64_t;
N
N    /* fastest minimum-width unsigned integer types */
Ntypedef unsigned           int uint_fast8_t;
Ntypedef unsigned           int uint_fast16_t;
Ntypedef unsigned           int uint_fast32_t;
Ntypedef unsigned       __int64 uint_fast64_t;
N
N    /* 7.18.1.4 integer types capable of holding object pointers */
Ntypedef   signed           int intptr_t;
Ntypedef unsigned           int uintptr_t;
N
N    /* 7.18.1.5 greatest-width integer types */
Ntypedef   signed       __int64 intmax_t;
Ntypedef unsigned       __int64 uintmax_t;
N
N
N#if !defined(__cplusplus) || defined(__STDC_LIMIT_MACROS)
X#if !0L || 0L
N
N    /* 7.18.2.1 */
N
N    /* minimum values of exact-width signed integer types */
N#define INT8_MIN                   -128
N#define INT16_MIN                -32768
N#define INT32_MIN          (~0x7fffffff)   /* -2147483648 is unsigned */
N#define INT64_MIN  __ESCAPE__(~0x7fffffffffffffffll) /* -9223372036854775808 is unsigned */
N
N    /* maximum values of exact-width signed integer types */
N#define INT8_MAX                    127
N#define INT16_MAX                 32767
N#define INT32_MAX            2147483647
N#define INT64_MAX  __ESCAPE__(9223372036854775807ll)
N
N    /* maximum values of exact-width unsigned integer types */
N#define UINT8_MAX                   255
N#define UINT16_MAX                65535
N#define UINT32_MAX           4294967295u
N#define UINT64_MAX __ESCAPE__(18446744073709551615ull)
N
N    /* 7.18.2.2 */
N
N    /* minimum values of minimum-width signed integer types */
N#define INT_LEAST8_MIN                   -128
N#define INT_LEAST16_MIN                -32768
N#define INT_LEAST32_MIN          (~0x7fffffff)
N#define INT_LEAST64_MIN  __ESCAPE__(~0x7fffffffffffffffll)
N
N    /* maximum values of minimum-width signed integer types */
N#define INT_LEAST8_MAX                    127
N#define INT_LEAST16_MAX                 32767
N#define INT_LEAST32_MAX            2147483647
N#define INT_LEAST64_MAX  __ESCAPE__(9223372036854775807ll)
N
N    /* maximum values of minimum-width unsigned integer types */
N#define UINT_LEAST8_MAX                   255
N#define UINT_LEAST16_MAX                65535
N#define UINT_LEAST32_MAX           4294967295u
N#define UINT_LEAST64_MAX __ESCAPE__(18446744073709551615ull)
N
N    /* 7.18.2.3 */
N
N    /* minimum values of fastest minimum-width signed integer types */
N#define INT_FAST8_MIN           (~0x7fffffff)
N#define INT_FAST16_MIN          (~0x7fffffff)
N#define INT_FAST32_MIN          (~0x7fffffff)
N#define INT_FAST64_MIN  __ESCAPE__(~0x7fffffffffffffffll)
N
N    /* maximum values of fastest minimum-width signed integer types */
N#define INT_FAST8_MAX             2147483647
N#define INT_FAST16_MAX            2147483647
N#define INT_FAST32_MAX            2147483647
N#define INT_FAST64_MAX  __ESCAPE__(9223372036854775807ll)
N
N    /* maximum values of fastest minimum-width unsigned integer types */
N#define UINT_FAST8_MAX            4294967295u
N#define UINT_FAST16_MAX           4294967295u
N#define UINT_FAST32_MAX           4294967295u
N#define UINT_FAST64_MAX __ESCAPE__(18446744073709551615ull)
N
N    /* 7.18.2.4 */
N
N    /* minimum value of pointer-holding signed integer type */
N#define INTPTR_MIN (~0x7fffffff)
N
N    /* maximum value of pointer-holding signed integer type */
N#define INTPTR_MAX   2147483647
N
N    /* maximum value of pointer-holding unsigned integer type */
N#define UINTPTR_MAX  4294967295u
N
N    /* 7.18.2.5 */
N
N    /* minimum value of greatest-width signed integer type */
N#define INTMAX_MIN  __ESCAPE__(~0x7fffffffffffffffll)
N
N    /* maximum value of greatest-width signed integer type */
N#define INTMAX_MAX  __ESCAPE__(9223372036854775807ll)
N
N    /* maximum value of greatest-width unsigned integer type */
N#define UINTMAX_MAX __ESCAPE__(18446744073709551615ull)
N
N    /* 7.18.3 */
N
N    /* limits of ptrdiff_t */
N#define PTRDIFF_MIN (~0x7fffffff)
N#define PTRDIFF_MAX   2147483647
N
N    /* limits of sig_atomic_t */
N#define SIG_ATOMIC_MIN (~0x7fffffff)
N#define SIG_ATOMIC_MAX   2147483647
N
N    /* limit of size_t */
N#define SIZE_MAX 4294967295u
N
N    /* limits of wchar_t */
N    /* NB we have to undef and redef because they're defined in both
N     * stdint.h and wchar.h */
N#undef WCHAR_MIN
N#undef WCHAR_MAX
N
N#if defined(__WCHAR32)
X#if 0L
S  #define WCHAR_MIN   0
S  #define WCHAR_MAX   0xffffffffU
N#else
N  #define WCHAR_MIN   0
N  #define WCHAR_MAX   65535
N#endif
N
N    /* limits of wint_t */
N#define WINT_MIN (~0x7fffffff)
N#define WINT_MAX 2147483647
N
N#endif /* __STDC_LIMIT_MACROS */
N
N#if !defined(__cplusplus) || defined(__STDC_CONSTANT_MACROS)
X#if !0L || 0L
N
N    /* 7.18.4.1 macros for minimum-width integer constants */
N#define INT8_C(x)   (x)
N#define INT16_C(x)  (x)
N#define INT32_C(x)  (x)
N#define INT64_C(x)  __ESCAPE__(x ## ll)
N
N#define UINT8_C(x)  (x ## u)
N#define UINT16_C(x) (x ## u)
N#define UINT32_C(x) (x ## u)
N#define UINT64_C(x) __ESCAPE__(x ## ull)
N
N    /* 7.18.4.2 macros for greatest-width integer constants */
N#define INTMAX_C(x)  __ESCAPE__(x ## ll)
N#define UINTMAX_C(x) __ESCAPE__(x ## ull)
N
N#endif /* __STDC_CONSTANT_MACROS */
N
N    #ifdef __cplusplus
S         }  /* extern "C" */
S      }  /* namespace std */
N    #endif /* __cplusplus */
N  #endif /* __STDINT_DECLS */
N
N  #ifdef __cplusplus
S    #ifndef __STDINT_NO_EXPORTS
S      using ::std::int8_t;
S      using ::std::int16_t;
S      using ::std::int32_t;
S      using ::std::int64_t;
S      using ::std::uint8_t;
S      using ::std::uint16_t;
S      using ::std::uint32_t;
S      using ::std::uint64_t;
S      using ::std::int_least8_t;
S      using ::std::int_least16_t;
S      using ::std::int_least32_t;
S      using ::std::int_least64_t;
S      using ::std::uint_least8_t;
S      using ::std::uint_least16_t;
S      using ::std::uint_least32_t;
S      using ::std::uint_least64_t;
S      using ::std::int_fast8_t;
S      using ::std::int_fast16_t;
S      using ::std::int_fast32_t;
S      using ::std::int_fast64_t;
S      using ::std::uint_fast8_t;
S      using ::std::uint_fast16_t;
S      using ::std::uint_fast32_t;
S      using ::std::uint_fast64_t;
S      using ::std::intptr_t;
S      using ::std::uintptr_t;
S      using ::std::intmax_t;
S      using ::std::uintmax_t;
S    #endif 
N  #endif /* __cplusplus */
N
N#endif /* __stdint_h */
N
N/* end of stdint.h */
N
N
N
L 4 "..\..\User\Modbus\crc.h" 2
Nextern uint16_t calCRC16(uint8_t *pSource, uint32_t uiLen);
Nextern uint16_t calCRC16_modbus(uint8_t *updata,uint16_t len);
Nextern uint16_t M433_CalCRC16(uint8_t *pucBuf, uint16_t uwLength);
Nextern uint8_t  calCRC7(uint8_t *pSource, uint16_t len);
N#endif
N
L 2 "..\..\User\Modbus\crc.c" 2
N
Nuint8_t CRC7Table[128]={
N    0x00,0x12,0x24,0x36,0x48,0x5a,0x6c,0x7e,
N    0x19,0x0b,0x3d,0x2f,0x51,0x43,0x75,0x67,
N    0x32,0x20,0x16,0x04,0x7a,0x68,0x5e,0x4c,
N    0x2b,0x39,0x0f,0x1d,0x63,0x71,0x47,0x55,
N    0x64,0x76,0x40,0x52,0x2c,0x3e,0x08,0x1a,
N    0x7d,0x6f,0x59,0x4b,0x35,0x27,0x11,0x03,
N    0x56,0x44,0x72,0x60,0x1e,0x0c,0x3a,0x28,
N    0x4f,0x5d,0x6b,0x79,0x07,0x15,0x23,0x31,
N    0x41,0x53,0x65,0x77,0x09,0x1b,0x2d,0x3f,
N    0x58,0x4a,0x7c,0x6e,0x10,0x02,0x34,0x26,
N    0x73,0x61,0x57,0x45,0x3b,0x29,0x1f,0x0d,
N    0x6a,0x78,0x4e,0x5c,0x22,0x30,0x06,0x14,
N    0x25,0x37,0x01,0x13,0x6d,0x7f,0x49,0x5b,
N    0x3c,0x2e,0x18,0x0a,0x74,0x66,0x50,0x42,
N    0x17,0x05,0x33,0x21,0x5f,0x4d,0x7b,0x69,
N    0x0e,0x1c,0x2a,0x38,0x46,0x54,0x62,0x70
N};
N
N//X16 + X12 + X5 + 1 余式表
Nuint16_t const CRCTable[256]={0x0000,0x1021,0x2042,0x3063,0x4084,0x50a5,0x60c6,0x70e7,
N                            0x8108,0x9129,0xa14a,0xb16b,0xc18c,0xd1ad,0xe1ce,0xf1ef,
N                            0x1231,0x0210,0x3273,0x2252,0x52b5,0x4294,0x72f7,0x62d6,
N                            0x9339,0x8318,0xb37b,0xa35a,0xd3bd,0xc39c,0xf3ff,0xe3de,
N                            0x2462,0x3443,0x0420,0x1401,0x64e6,0x74c7,0x44a4,0x5485,
N                            0xa56a,0xb54b,0x8528,0x9509,0xe5ee,0xf5cf,0xc5ac,0xd58d,
N                            0x3653,0x2672,0x1611,0x0630,0x76d7,0x66f6,0x5695,0x46b4,
N                            0xb75b,0xa77a,0x9719,0x8738,0xf7df,0xe7fe,0xd79d,0xc7bc,
N                            0x48c4,0x58e5,0x6886,0x78a7,0x0840,0x1861,0x2802,0x3823,
N                            0xc9cc,0xd9ed,0xe98e,0xf9af,0x8948,0x9969,0xa90a,0xb92b,
N                            0x5af5,0x4ad4,0x7ab7,0x6a96,0x1a71,0x0a50,0x3a33,0x2a12,
N                            0xdbfd,0xcbdc,0xfbbf,0xeb9e,0x9b79,0x8b58,0xbb3b,0xab1a,
N                            0x6ca6,0x7c87,0x4ce4,0x5cc5,0x2c22,0x3c03,0x0c60,0x1c41,
N                            0xedae,0xfd8f,0xcdec,0xddcd,0xad2a,0xbd0b,0x8d68,0x9d49,
N                            0x7e97,0x6eb6,0x5ed5,0x4ef4,0x3e13,0x2e32,0x1e51,0x0e70,
N                            0xff9f,0xefbe,0xdfdd,0xcffc,0xbf1b,0xaf3a,0x9f59,0x8f78,
N                            0x9188,0x81a9,0xb1ca,0xa1eb,0xd10c,0xc12d,0xf14e,0xe16f,
N                            0x1080,0x00a1,0x30c2,0x20e3,0x5004,0x4025,0x7046,0x6067,
N                            0x83b9,0x9398,0xa3fb,0xb3da,0xc33d,0xd31c,0xe37f,0xf35e,
N                            0x02b1,0x1290,0x22f3,0x32d2,0x4235,0x5214,0x6277,0x7256,
N                            0xb5ea,0xa5cb,0x95a8,0x8589,0xf56e,0xe54f,0xd52c,0xc50d,
N                            0x34e2,0x24c3,0x14a0,0x0481,0x7466,0x6447,0x5424,0x4405,
N                            0xa7db,0xb7fa,0x8799,0x97b8,0xe75f,0xf77e,0xc71d,0xd73c,
N                            0x26d3,0x36f2,0x0691,0x16b0,0x6657,0x7676,0x4615,0x5634,
N                            0xd94c,0xc96d,0xf90e,0xe92f,0x99c8,0x89e9,0xb98a,0xa9ab,
N                            0x5844,0x4865,0x7806,0x6827,0x18c0,0x08e1,0x3882,0x28a3,
N                            0xcb7d,0xdb5c,0xeb3f,0xfb1e,0x8bf9,0x9bd8,0xabbb,0xbb9a,
N                            0x4a75,0x5a54,0x6a37,0x7a16,0x0af1,0x1ad0,0x2ab3,0x3a92,
N                            0xfd2e,0xed0f,0xdd6c,0xcd4d,0xbdaa,0xad8b,0x9de8,0x8dc9,
N                            0x7c26,0x6c07,0x5c64,0x4c45,0x3ca2,0x2c83,0x1ce0,0x0cc1,
N                            0xef1f,0xff3e,0xcf5d,0xdf7c,0xaf9b,0xbfba,0x8fd9,0x9ff8,
N                            0x6e17,0x7e36,0x4e55,0x5e74,0x2e93,0x3eb2,0x0ed1,0x1ef0
N						   };
N
N//X16 + X15 + X2 + 1 余式表
Nuint8_t const auchCRCHi[] ={
N0x00, 0xC1, 0x81, 0x40, 0x01, 0xC0, 0x80, 0x41, 0x01, 0xC0, 0x80, 0x41, 0x00, 0xC1, 0x81,
N0x40, 0x01, 0xC0, 0x80, 0x41, 0x00, 0xC1, 0x81, 0x40, 0x00, 0xC1, 0x81, 0x40, 0x01, 0xC0,
N0x80, 0x41, 0x01, 0xC0, 0x80, 0x41, 0x00, 0xC1, 0x81, 0x40, 0x00, 0xC1, 0x81, 0x40, 0x01,
N0xC0, 0x80, 0x41, 0x00, 0xC1, 0x81, 0x40, 0x01, 0xC0, 0x80, 0x41, 0x01, 0xC0, 0x80, 0x41,
N0x00, 0xC1, 0x81, 0x40, 0x01, 0xC0, 0x80, 0x41, 0x00, 0xC1, 0x81, 0x40, 0x00, 0xC1, 0x81,
N0x40, 0x01, 0xC0, 0x80, 0x41, 0x00, 0xC1, 0x81, 0x40, 0x01, 0xC0, 0x80, 0x41, 0x01, 0xC0,
N0x80, 0x41, 0x00, 0xC1, 0x81, 0x40, 0x00, 0xC1, 0x81, 0x40, 0x01, 0xC0, 0x80, 0x41, 0x01,
N0xC0, 0x80, 0x41, 0x00, 0xC1, 0x81, 0x40, 0x01, 0xC0, 0x80, 0x41, 0x00, 0xC1, 0x81, 0x40,
N0x00, 0xC1, 0x81, 0x40, 0x01, 0xC0, 0x80, 0x41, 0x01, 0xC0, 0x80, 0x41, 0x00, 0xC1, 0x81,
N0x40, 0x00, 0xC1, 0x81, 0x40, 0x01, 0xC0, 0x80, 0x41, 0x00, 0xC1, 0x81, 0x40, 0x01, 0xC0,
N0x80, 0x41, 0x01, 0xC0, 0x80, 0x41, 0x00, 0xC1, 0x81, 0x40, 0x00, 0xC1, 0x81, 0x40, 0x01,
N0xC0, 0x80, 0x41, 0x01, 0xC0, 0x80, 0x41, 0x00, 0xC1, 0x81, 0x40, 0x01, 0xC0, 0x80, 0x41,
N0x00, 0xC1, 0x81, 0x40, 0x00, 0xC1, 0x81, 0x40, 0x01, 0xC0, 0x80, 0x41, 0x00, 0xC1, 0x81,
N0x40, 0x01, 0xC0, 0x80, 0x41, 0x01, 0xC0, 0x80, 0x41, 0x00, 0xC1, 0x81, 0x40, 0x01, 0xC0,
N0x80, 0x41, 0x00, 0xC1, 0x81, 0x40, 0x00, 0xC1, 0x81, 0x40, 0x01, 0xC0, 0x80, 0x41, 0x01,
N0xC0, 0x80, 0x41, 0x00, 0xC1, 0x81, 0x40, 0x00, 0xC1, 0x81, 0x40, 0x01, 0xC0, 0x80, 0x41,
N0x00, 0xC1, 0x81, 0x40, 0x01, 0xC0, 0x80, 0x41, 0x01, 0xC0, 0x80, 0x41, 0x00, 0xC1, 0x81,
N0x40};
Nuint8_t const auchCRCLo[] ={
N0x00, 0xC0, 0xC1, 0x01, 0xC3, 0x03, 0x02, 0xC2, 0xC6, 0x06, 0x07, 0xC7, 0x05, 0xC5, 0xC4,
N0x04, 0xCC, 0x0C, 0x0D, 0xCD, 0x0F, 0xCF, 0xCE, 0x0E, 0x0A, 0xCA, 0xCB, 0x0B, 0xC9, 0x09,
N0x08, 0xC8, 0xD8, 0x18, 0x19, 0xD9, 0x1B, 0xDB, 0xDA, 0x1A, 0x1E, 0xDE, 0xDF, 0x1F, 0xDD,
N0x1D, 0x1C, 0xDC, 0x14, 0xD4, 0xD5, 0x15, 0xD7, 0x17, 0x16, 0xD6, 0xD2, 0x12, 0x13, 0xD3,
N0x11, 0xD1, 0xD0, 0x10, 0xF0, 0x30, 0x31, 0xF1, 0x33, 0xF3, 0xF2, 0x32, 0x36, 0xF6, 0xF7,
N0x37, 0xF5, 0x35, 0x34, 0xF4, 0x3C, 0xFC, 0xFD, 0x3D, 0xFF, 0x3F, 0x3E, 0xFE, 0xFA, 0x3A,
N0x3B, 0xFB, 0x39, 0xF9, 0xF8, 0x38, 0x28, 0xE8, 0xE9, 0x29, 0xEB, 0x2B, 0x2A, 0xEA, 0xEE,
N0x2E, 0x2F, 0xEF, 0x2D, 0xED, 0xEC, 0x2C, 0xE4, 0x24, 0x25, 0xE5, 0x27, 0xE7, 0xE6, 0x26,
N0x22, 0xE2, 0xE3, 0x23, 0xE1, 0x21, 0x20, 0xE0, 0xA0, 0x60, 0x61, 0xA1, 0x63, 0xA3, 0xA2,
N0x62, 0x66, 0xA6, 0xA7, 0x67, 0xA5, 0x65, 0x64, 0xA4, 0x6C, 0xAC, 0xAD, 0x6D, 0xAF, 0x6F,
N0x6E, 0xAE, 0xAA, 0x6A, 0x6B, 0xAB, 0x69, 0xA9, 0xA8, 0x68, 0x78, 0xB8, 0xB9, 0x79, 0xBB,
N0x7B, 0x7A, 0xBA, 0xBE, 0x7E, 0x7F, 0xBF, 0x7D, 0xBD, 0xBC, 0x7C, 0xB4, 0x74, 0x75, 0xB5,
N0x77, 0xB7, 0xB6, 0x76, 0x72, 0xB2, 0xB3, 0x73, 0xB1, 0x71, 0x70, 0xB0, 0x50, 0x90, 0x91,
N0x51, 0x93, 0x53, 0x52, 0x92, 0x96, 0x56, 0x57, 0x97, 0x55, 0x95, 0x94, 0x54, 0x9C, 0x5C,
N0x5D, 0x9D, 0x5F, 0x9F, 0x9E, 0x5E, 0x5A, 0x9A, 0x9B, 0x5B, 0x99, 0x59, 0x58, 0x98, 0x88,
N0x48, 0x49, 0x89, 0x4B, 0x8B, 0x8A, 0x4A, 0x4E, 0x8E, 0x8F, 0x4F, 0x8D, 0x4D, 0x4C, 0x8C,
N0x44, 0x84, 0x85, 0x45, 0x87, 0x47, 0x46, 0x86, 0x82, 0x42, 0x43, 0x83, 0x41, 0x81, 0x80,
N0x40};
N
N
N
N
N/********************************************************************************************************************
N** 函数名称: calCRC16()				
N** 功能描述: 计算CRC16/XMODEM							
N** 输　  入: INT8U *pSource: 数据					
N			 INT16U len    : 长度						
N** 输 　 出: CRC16码						
N********************************************************************************************************************/
Nuint16_t calCRC16(uint8_t *pSource, uint32_t uiLen)
N{
N	uint16_t i = 0;
N	uint16_t uiResult = 0;
N	uint8_t  p;
N	for (i=0; i<uiLen; i++)
N	{
N		  p = pSource[i];
N	          uiResult = (uiResult<<8) ^ ((uint16_t)CRCTable[(uiResult>>8) ^ p]);
N	}
N	return uiResult;
N}
N
N/********************************************************************************************************************
N** 函数名称: calCRC16_modbus()				
N** 功能描述: 计算CRC16/MODBUS							
N** 输　  入: INT8U *updata: 数据					
N			 INT16U len    : 长度						
N** 输 　 出: CRC16码						
N********************************************************************************************************************/
N
Nuint16_t calCRC16_modbus(uint8_t *updata,uint16_t len)
N{
N  uint8_t   uchCRCHi=0xff;
N  uint8_t   uchCRCLo=0xff;
N  uint16_t  uindex;
N  while(len--)
N  {
N    uindex=uchCRCHi^*updata++;
N    uchCRCHi=uchCRCLo^auchCRCHi[uindex];
N    uchCRCLo=auchCRCLo[uindex];
N  }
N  return (uchCRCHi<<8|uchCRCLo);
N}
N
N/*******************************************************************************************************************
N** 函数名称: calCRC7()					
N** 功能描述: 获取命令的CRC7					
N** 输　  入: 					
N			 		  
N** 输 　 出: CRC7码									
N********************************************************************************************************************/
Nuint8_t calCRC7(uint8_t *pSource, uint16_t len)
N{
N    uint16_t i;
N    uint8_t result = 0;
N    for(i=0;i<len;i++)
N    {
N        result = CRC7Table[((*(pSource+i))>>1)^result];
N        result ^= (((*(pSource+i))&0x01) ? 0x09 : 0x00);
N    }
N    return ((result<<1)+0x01);
N}	
N
N#define CRC_POLY 0x8408
Nuint16_t M433_CalCRC16(uint8_t *pucBuf, uint16_t uwLength)
N{
N	uint16_t uiCRCValue=0xFFFF;
N	uint8_t  ucLoop;
N	uint8_t  *pu8Buf = (uint8_t *)pucBuf;
N	while(uwLength--)
N	{
N		uiCRCValue ^= *pu8Buf++;
N		for(ucLoop=0; ucLoop<8; ucLoop++)
N		{
N			if(uiCRCValue & 0x0001)
N			{
N				uiCRCValue >>= 1;
N				uiCRCValue ^= CRC_POLY;
X				uiCRCValue ^= 0x8408;
N			}
N			else
N			{
N				uiCRCValue >>= 1;
N			}
N		}
N	}
N	uiCRCValue ^= 0xFFFF;
N	return uiCRCValue;
N}
