ARM Linker, 5.03 [Build 24] [MDK-ARM Professional Cortex-M only]

==============================================================================

Section Cross References

    cpu_bsp.o(i.CPU_TS32_to_uSec) refers to bsp.o(i.BSP_CPU_ClkFreq) for BSP_CPU_ClkFreq
    cpu_bsp.o(i.CPU_TS32_to_uSec) refers to uldiv.o(.text) for __aeabi_uldivmod
    cpu_bsp.o(i.CPU_TS_TmrInit) refers to bsp.o(i.BSP_CPU_ClkFreq) for BSP_CPU_ClkFreq
    cpu_bsp.o(i.CPU_TS_TmrInit) refers to cpu_core.o(i.CPU_TS_TmrFreqSet) for CPU_TS_TmrFreqSet
    os_app_hooks.o(i.App_OS_ClrAllHooks) refers to cpu_a.o(.text) for CPU_SR_Save
    os_app_hooks.o(i.App_OS_ClrAllHooks) refers to cpu_core.o(i.CPU_IntDisMeasStart) for CPU_IntDisMeasStart
    os_app_hooks.o(i.App_OS_ClrAllHooks) refers to cpu_core.o(i.CPU_IntDisMeasStop) for CPU_IntDisMeasStop
    os_app_hooks.o(i.App_OS_ClrAllHooks) refers to os_var.o(.data) for OS_AppIdleTaskHookPtr
    os_app_hooks.o(i.App_OS_SetAllHooks) refers to cpu_a.o(.text) for CPU_SR_Save
    os_app_hooks.o(i.App_OS_SetAllHooks) refers to cpu_core.o(i.CPU_IntDisMeasStart) for CPU_IntDisMeasStart
    os_app_hooks.o(i.App_OS_SetAllHooks) refers to cpu_core.o(i.CPU_IntDisMeasStop) for CPU_IntDisMeasStop
    os_app_hooks.o(i.App_OS_SetAllHooks) refers to os_app_hooks.o(i.App_OS_IdleTaskHook) for App_OS_IdleTaskHook
    os_app_hooks.o(i.App_OS_SetAllHooks) refers to os_var.o(.data) for OS_AppIdleTaskHookPtr
    os_app_hooks.o(i.App_OS_SetAllHooks) refers to os_app_hooks.o(i.App_OS_StatTaskHook) for App_OS_StatTaskHook
    os_app_hooks.o(i.App_OS_SetAllHooks) refers to os_app_hooks.o(i.App_OS_TaskCreateHook) for App_OS_TaskCreateHook
    os_app_hooks.o(i.App_OS_SetAllHooks) refers to os_app_hooks.o(i.App_OS_TaskDelHook) for App_OS_TaskDelHook
    os_app_hooks.o(i.App_OS_SetAllHooks) refers to os_app_hooks.o(i.App_OS_TaskReturnHook) for App_OS_TaskReturnHook
    os_app_hooks.o(i.App_OS_SetAllHooks) refers to os_app_hooks.o(i.App_OS_TaskSwHook) for App_OS_TaskSwHook
    os_app_hooks.o(i.App_OS_SetAllHooks) refers to os_app_hooks.o(i.App_OS_TimeTickHook) for App_OS_TimeTickHook
    os_app_hooks.o(i.App_OS_TimeTickHook) refers to bsp_timer.o(i.TimeTickHook) for TimeTickHook
    main.o(i.AppTaskCreate) refers to os_task.o(i.OSTaskCreate) for OSTaskCreate
    main.o(i.AppTaskCreate) refers to main.o(.bss) for AppTaskUIStk
    main.o(i.AppTaskCreate) refers to main.o(i.AppTaskUI) for AppTaskUI
    main.o(i.AppTaskCreate) refers to main.o(i.AppTaskSIM800C) for AppTaskSIM800C
    main.o(i.AppTaskCreate) refers to main.o(i.AppTaskMICS) for AppTaskMICS
    main.o(i.AppTaskMICS) refers to modbus_485.o(i.Uart485_Task) for Uart485_Task
    main.o(i.AppTaskMICS) refers to modbus_485.o(i.Para_Change_Check) for Para_Change_Check
    main.o(i.AppTaskMICS) refers to data.o(i.JsonTask) for JsonTask
    main.o(i.AppTaskMICS) refers to data.o(i.Led_Task) for Led_Task
    main.o(i.AppTaskMICS) refers to bsp_os.o(i.BSP_OS_TimeDlyMs) for BSP_OS_TimeDlyMs
    main.o(i.AppTaskSIM800C) refers to luat_air208.o(i.AIR208_Task) for AIR208_Task
    main.o(i.AppTaskSIM800C) refers to bsp_os.o(i.BSP_OS_TimeDlyMs) for BSP_OS_TimeDlyMs
    main.o(i.AppTaskStart) refers to cpu_a.o(.text) for CPU_SR_Save
    main.o(i.AppTaskStart) refers to cpu_core.o(i.CPU_IntDisMeasStart) for CPU_IntDisMeasStart
    main.o(i.AppTaskStart) refers to cpu_core.o(i.CPU_Init) for CPU_Init
    main.o(i.AppTaskStart) refers to bsp.o(i.BSP_Tick_Init) for BSP_Tick_Init
    main.o(i.AppTaskStart) refers to os_app_hooks.o(i.App_OS_SetAllHooks) for App_OS_SetAllHooks
    main.o(i.AppTaskStart) refers to bsp.o(i.bsp_Init) for bsp_Init
    main.o(i.AppTaskStart) refers to data.o(i.Init_SoftPara) for Init_SoftPara
    main.o(i.AppTaskStart) refers to cpu_core.o(i.CPU_IntDisMeasMaxCurReset) for CPU_IntDisMeasMaxCurReset
    main.o(i.AppTaskStart) refers to main.o(i.AppTaskCreate) for AppTaskCreate
    main.o(i.AppTaskStart) refers to main.o(i.AppObjCreate) for AppObjCreate
    main.o(i.AppTaskStart) refers to cpu_core.o(i.CPU_IntDisMeasStop) for CPU_IntDisMeasStop
    main.o(i.AppTaskStart) refers to bsp_iwdg.o(i.bsp_InitIwdg) for bsp_InitIwdg
    main.o(i.AppTaskStart) refers to data.o(i.Para_Save_Check) for Para_Save_Check
    main.o(i.AppTaskStart) refers to bsp_iwdg.o(i.IWDG_Feed) for IWDG_Feed
    main.o(i.AppTaskStart) refers to bsp_os.o(i.BSP_OS_TimeDlyMs) for BSP_OS_TimeDlyMs
    main.o(i.AppTaskUI) refers to bsp_os.o(i.BSP_OS_TimeDlyMs) for BSP_OS_TimeDlyMs
    main.o(i.DispTaskInfo) refers to cpu_a.o(.text) for CPU_SR_Save
    main.o(i.DispTaskInfo) refers to cpu_core.o(i.CPU_IntDisMeasStart) for CPU_IntDisMeasStart
    main.o(i.DispTaskInfo) refers to cpu_core.o(i.CPU_IntDisMeasStop) for CPU_IntDisMeasStop
    main.o(i.DispTaskInfo) refers to my_stdlib.o(i.My_Printf) for My_Printf
    main.o(i.DispTaskInfo) refers to ffltui.o(.text) for __aeabi_ui2f
    main.o(i.DispTaskInfo) refers to fdiv.o(.text) for __aeabi_fdiv
[...]
    __aeabi_d2iz                             0x08000569   Thumb Code    62  dfixi.o(.text)
    __aeabi_f2d                              0x080005a7   Thumb Code    38  f2d.o(.text)
    __aeabi_cdcmpeq                          0x080005cd   Thumb Code     0  cdcmple.o(.text)
    __aeabi_cdcmple                          0x080005cd   Thumb Code    38  cdcmple.o(.text)
    __aeabi_cdrcmple                         0x080005f5   Thumb Code    38  cdrcmple.o(.text)
    __aeabi_uidiv                            0x0800061d   Thumb Code     0  uidiv.o(.text)
    __aeabi_uidivmod                         0x0800061d   Thumb Code    44  uidiv.o(.text)
    __aeabi_llsl                             0x08000649   Thumb Code    30  llshl.o(.text)
    _ll_shift_l                              0x08000649   Thumb Code     0  llshl.o(.text)
    __aeabi_llsr                             0x08000667   Thumb Code    32  llushr.o(.text)
    _ll_ushift_r                             0x08000667   Thumb Code     0  llushr.o(.text)
    __aeabi_lasr                             0x08000687   Thumb Code    36  llsshr.o(.text)
    _ll_sshift_r                             0x08000687   Thumb Code     0  llsshr.o(.text)
    strtol                                   0x080006ab   Thumb Code   112  strtol.o(.text)
    __I$use$fp                               0x0800071b   Thumb Code     0  iusefp.o(.text)
    _double_round                            0x0800071b   Thumb Code    26  depilogue.o(.text)
    _double_epilogue                         0x08000735   Thumb Code   164  depilogue.o(.text)
    __aeabi_ddiv                             0x080007d9   Thumb Code   222  ddiv.o(.text)
    __ARM_scalbn                             0x080008b7   Thumb Code    46  dscalb.o(.text)
    scalbn                                   0x080008b7   Thumb Code     0  dscalb.o(.text)
    __aeabi_d2ulz                            0x080008e5   Thumb Code    48  dfixul.o(.text)
    __scatterload                            0x08000915   Thumb Code    28  init.o(.text)
    __scatterload_rt2                        0x08000915   Thumb Code     0  init.o(.text)
    __rt_ctype_table                         0x08000939   Thumb Code     4  ctype_o.o(.text)
    _strtoul                                 0x08000941   Thumb Code   158  _strtoul.o(.text)
    _dsqrt                                   0x080009df   Thumb Code   162  dsqrt.o(.text)
    _chval                                   0x08000a81   Thumb Code    28  _chval.o(.text)
    __decompress                             0x08000a9d   Thumb Code     0  __dczerorl.o(.text)
    __decompress0                            0x08000a9d   Thumb Code    58  __dczerorl.o(.text)
    OSStartHighRdy                           0x08000ad9   Thumb Code     0  os_cpu_a.o(CODE)
    OS_CPU_PendSVHandler                     0x08000b49   Thumb Code     0  os_cpu_a.o(CODE)
    AIR208_Init                              0x08000b99   Thumb Code   104  luat_air208.o(i.AIR208_Init)
    AIR208_InitPara                          0x08000c0d   Thumb Code    24  luat_air208.o(i.AIR208_InitPara)
    AIR208_Power_Ctl                         0x08000c29   Thumb Code    28  luat_air208.o(i.AIR208_Power_Ctl)
    AIR208_Send                              0x08000c49   Thumb Code    84  luat_air208.o(i.AIR208_Send)
    AIR208_Switch_Check                      0x08000ca1   Thumb Code    22  luat_air208.o(i.AIR208_Switch_Check)
    AIR208_Switch_Ctl                        0x08000cbd   Thumb Code   234  luat_air208.o(i.AIR208_Switch_Ctl)
    AIR208_Task                              0x08000db1   Thumb Code   196  luat_air208.o(i.AIR208_Task)
    AliEnQueue                               0x08000e79   Thumb Code    86  luat_air208.o(i.AliEnQueue)
    App_OS_IdleTaskHook                      0x08001057   Thumb Code     2  os_app_hooks.o(i.App_OS_IdleTaskHook)
    App_OS_SetAllHooks                       0x08001059   Thumb Code    84  os_app_hooks.o(i.App_OS_SetAllHooks)
    App_OS_StatTaskHook                      0x080010e5   Thumb Code     2  os_app_hooks.o(i.App_OS_StatTaskHook)
    App_OS_TaskCreateHook                    0x080010e7   Thumb Code     2  os_app_hooks.o(i.App_OS_TaskCreateHook)
    App_OS_TaskDelHook                       0x080010e9   Thumb Code     2  os_app_hooks.o(i.App_OS_TaskDelHook)
    App_OS_TaskReturnHook                    0x080010eb   Thumb Code     2  os_app_hooks.o(i.App_OS_TaskReturnHook)
    App_OS_TaskSwHook                        0x080010ed   Thumb Code     2  os_app_hooks.o(i.App_OS_TaskSwHook)
    App_OS_TimeTickHook                      0x080010ef   Thumb Code     8  os_app_hooks.o(i.App_OS_TimeTickHook)
    BSP_CPU_ClkFreq                          0x080010f7   Thumb Code    16  bsp.o(i.BSP_CPU_ClkFreq)
    BSP_OS_TimeDlyMs                         0x08001107   Thumb Code    64  bsp_os.o(i.BSP_OS_TimeDlyMs)
    BSP_Tick_Init                            0x08001149   Thumb Code    88  bsp.o(i.BSP_Tick_Init)
    BusFault_Handler                         0x080011ad   Thumb Code     4  stm32f10x_it.o(i.BusFault_Handler)
    CPU_Init                                 0x080011b1   Thumb Code    16  cpu_core.o(i.CPU_Init)
    CPU_IntDisMeasMaxCurGet                  0x08001261   Thumb Code    40  cpu_core.o(i.CPU_IntDisMeasMaxCurGet)
    CPU_IntDisMeasMaxCurReset                0x0800128d   Thumb Code    40  cpu_core.o(i.CPU_IntDisMeasMaxCurReset)
    CPU_IntDisMeasStart                      0x080012b9   Thumb Code    38  cpu_core.o(i.CPU_IntDisMeasStart)
    CPU_IntDisMeasStop                       0x080012ed   Thumb Code    62  cpu_core.o(i.CPU_IntDisMeasStop)
    CPU_NameClr                              0x08001341   Thumb Code    50  cpu_core.o(i.CPU_NameClr)
    CPU_TS_TmrFreqSet                        0x08001395   Thumb Code     6  cpu_core.o(i.CPU_TS_TmrFreqSet)
    CPU_TS_TmrInit                           0x080013a1   Thumb Code    44  cpu_bsp.o(i.CPU_TS_TmrInit)
    CPU_TS_TmrRd                             0x080013d5   Thumb Code     6  cpu_bsp.o(i.CPU_TS_TmrRd)
    ComToUart                                0x080013e1   Thumb Code    44  bsp_uart.o(i.ComToUart)
    DeQueue                                  0x08001447   Thumb Code    82  queue.o(i.DeQueue)
    DebugMon_Handler                         0x08001499   Thumb Code     2  stm32f10x_it.o(i.DebugMon_Handler)
    EnQueue                                  0x0800149b   Thumb Code    86  queue.o(i.EnQueue)
    FLASH_ClearFlag                          0x080014f1   Thumb Code     6  stm32f10x_flash.o(i.FLASH_ClearFlag)
    FLASH_ErasePage                          0x080014fd   Thumb Code    72  stm32f10x_flash.o(i.FLASH_ErasePage)
    FLASH_GetBank1Status                     0x08001549   Thumb Code    48  stm32f10x_flash.o(i.FLASH_GetBank1Status)
    FLASH_Lock                               0x0800157d   Thumb Code    14  stm32f10x_flash.o(i.FLASH_Lock)
    FLASH_ProgramHalfWord                    0x08001591   Thumb Code    60  stm32f10x_flash.o(i.FLASH_ProgramHalfWord)
    FLASH_Unlock                             0x080015d1   Thumb Code    12  stm32f10x_flash.o(i.FLASH_Unlock)
    FLASH_WaitForLastOperation               0x080015e9   Thumb Code    38  stm32f10x_flash.o(i.FLASH_WaitForLastOperation)
    FeiyanIMEI                               0x08001611   Thumb Code    38  luat_air208.o(i.FeiyanIMEI)
    GPIO_Init                                0x08001649   Thumb Code   274  stm32f10x_gpio.o(i.GPIO_Init)
    GPIO_PinRemapConfig                      0x0800175d   Thumb Code   138  stm32f10x_gpio.o(i.GPIO_PinRemapConfig)
    GPIO_ReadInputData                       0x080017ed   Thumb Code     8  stm32f10x_gpio.o(i.GPIO_ReadInputData)
    GPRS_DeQueue                             0x080017f5   Thumb Code    84  gprsqueue.o(i.GPRS_DeQueue)
    GPRS_EnQueue                             0x08001849   Thumb Code    86  gprsqueue.o(i.GPRS_EnQueue)
    GPRS_InitQueue                           0x0800189f   Thumb Code    22  gprsqueue.o(i.GPRS_InitQueue)
    GPRS_IsQueueEmpty                        0x080018b5   Thumb Code    18  gprsqueue.o(i.GPRS_IsQueueEmpty)
    GetCsqSend                               0x080018c9   Thumb Code    30  luat_air208.o(i.GetCsqSend)
    GetHead                                  0x080018f9   Thumb Code    44  queue.o(i.GetHead)
    GetICCIDSend                             0x08001925   Thumb Code    36  luat_air208.o(i.GetICCIDSend)
    GetIMEISend                              0x0800195d   Thumb Code    36  luat_air208.o(i.GetIMEISend)
    GetNtpTimeSend                           0x08001995   Thumb Code    30  luat_air208.o(i.GetNtpTimeSend)
    HardFault_Handler                        0x080019c5   Thumb Code    38  stm32f10x_it.o(i.HardFault_Handler)
    IWDG_Enable                              0x08001a1d   Thumb Code    10  stm32f10x_iwdg.o(i.IWDG_Enable)
    IWDG_Feed                                0x08001a2d   Thumb Code     8  bsp_iwdg.o(i.IWDG_Feed)
    IWDG_ReloadCounter                       0x08001a35   Thumb Code    10  stm32f10x_iwdg.o(i.IWDG_ReloadCounter)
    IWDG_SetPrescaler                        0x08001a45   Thumb Code     6  stm32f10x_iwdg.o(i.IWDG_SetPrescaler)
    IWDG_SetReload                           0x08001a51   Thumb Code     6  stm32f10x_iwdg.o(i.IWDG_SetReload)
    IWDG_WriteAccessCmd                      0x08001a5d   Thumb Code     6  stm32f10x_iwdg.o(i.IWDG_WriteAccessCmd)
    InitQueue                                0x08001b89   Thumb Code    22  queue.o(i.InitQueue)
    Init_SoftPara                            0x08001ba1   Thumb Code    54  data.o(i.Init_SoftPara)
    IsQueueEmpty                             0x08001be5   Thumb Code    18  queue.o(i.IsQueueEmpty)
    JsonTask                                 0x08001bf9   Thumb Code   978  data.o(i.JsonTask)
    Led_Task                                 0x08002021   Thumb Code    58  data.o(i.Led_Task)
    LoadParam                                0x08002065   Thumb Code    70  param.o(i.LoadParam)
    MemManage_Handler                        0x080020b9   Thumb Code     4  stm32f10x_it.o(i.MemManage_Handler)
    Mem_Clr                                  0x080020bd   Thumb Code    18  lib_mem.o(i.Mem_Clr)
    Mem_Set                                  0x080020cf   Thumb Code    84  lib_mem.o(i.Mem_Set)
    NMI_Handler                              0x08002123   Thumb Code     2  stm32f10x_it.o(i.NMI_Handler)
    NVIC_Init                                0x08002125   Thumb Code   102  misc.o(i.NVIC_Init)
    NVIC_PriorityGroupConfig                 0x08002199   Thumb Code    10  misc.o(i.NVIC_PriorityGroupConfig)
    NetCheckSend                             0x080021ad   Thumb Code    36  luat_air208.o(i.NetCheckSend)
    OSCfg_Init                               0x080021e5   Thumb Code     2  os_cfg_app.o(i.OSCfg_Init)
    OSIdleTaskHook                           0x080021e9   Thumb Code    16  os_cpu_c.o(i.OSIdleTaskHook)
    OSInit                                   0x080021fd   Thumb Code   208  os_core.o(i.OSInit)
    OSInitHook                               0x0800232d   Thumb Code    42  os_cpu_c.o(i.OSInitHook)
    OSIntEnter                               0x08002365   Thumb Code    34  os_core.o(i.OSIntEnter)
    OSIntExit                                0x08002391   Thumb Code   188  os_core.o(i.OSIntExit)
    OSMutexCreate                            0x08002471   Thumb Code   114  os_mutex.o(i.OSMutexCreate)
    OSMutexPend                              0x080024f1   Thumb Code   498  os_mutex.o(i.OSMutexPend)
    OSMutexPost                              0x080026f5   Thumb Code   382  os_mutex.o(i.OSMutexPost)
    OSSched                                  0x08002885   Thumb Code   134  os_core.o(i.OSSched)
    OSSchedLock                              0x0800292d   Thumb Code   106  os_core.o(i.OSSchedLock)
    OSSchedUnlock                            0x080029a5   Thumb Code   140  os_core.o(i.OSSchedUnlock)
    OSStart                                  0x08002a3d   Thumb Code   120  os_core.o(i.OSStart)
    OSTaskCreate                             0x08002ad5   Thumb Code   352  os_task.o(i.OSTaskCreate)
    OSTaskCreateHook                         0x08002c45   Thumb Code    20  os_cpu_c.o(i.OSTaskCreateHook)
    OSTaskReturnHook                         0x08002c5d   Thumb Code    20  os_cpu_c.o(i.OSTaskReturnHook)
    OSTaskSemPend                            0x08002c75   Thumb Code   468  os_task.o(i.OSTaskSemPend)
    OSTaskSemPost                            0x08002e55   Thumb Code    36  os_task.o(i.OSTaskSemPost)
    OSTaskStkInit                            0x08002e79   Thumb Code   192  os_cpu_c.o(i.OSTaskStkInit)
    OSTaskSwHook                             0x08002f3d   Thumb Code   112  os_cpu_c.o(i.OSTaskSwHook)
    OSTimeDly                                0x08002fb9   Thumb Code   176  os_time.o(i.OSTimeDly)
    OSTimeDlyHMSM                            0x08003075   Thumb Code   274  os_time.o(i.OSTimeDlyHMSM)
    OSTimeTick                               0x08003199   Thumb Code    64  os_time.o(i.OSTimeTick)
    OSTimeTickHook                           0x080031ed   Thumb Code    16  os_cpu_c.o(i.OSTimeTickHook)
    OS_CPU_SysTickHandler                    0x08003201   Thumb Code    54  os_cpu_c.o(i.OS_CPU_SysTickHandler)
    OS_Dbg_Init                              0x08003239   Thumb Code   134  os_dbg.o(i.OS_Dbg_Init)
    OS_IdleTask                              0x080033bd   Thumb Code    56  os_core.o(i.OS_IdleTask)
    OS_IdleTaskInit                          0x080033f9   Thumb Code    66  os_core.o(i.OS_IdleTaskInit)
    OS_MsgPoolInit                           0x08003469   Thumb Code    80  os_msg.o(i.OS_MsgPoolInit)
    OS_MsgQInit                              0x080034c5   Thumb Code    14  os_msg.o(i.OS_MsgQInit)
    OS_MutexDbgListAdd                       0x080034d5   Thumb Code    38  os_mutex.o(i.OS_MutexDbgListAdd)
    OS_MutexGrpAdd                           0x08003505   Thumb Code     8  os_mutex.o(i.OS_MutexGrpAdd)
    OS_MutexGrpPrioFindHighest               0x0800350d   Thumb Code    44  os_mutex.o(i.OS_MutexGrpPrioFindHighest)
    OS_MutexGrpRemove                        0x08003539   Thumb Code    28  os_mutex.o(i.OS_MutexGrpRemove)
    OS_Pend                                  0x08003555   Thumb Code    92  os_core.o(i.OS_Pend)
    OS_PendDataInit                          0x080035b5   Thumb Code    20  os_core.o(i.OS_PendDataInit)
    OS_PendDbgNameAdd                        0x080035c9   Thumb Code    66  os_core.o(i.OS_PendDbgNameAdd)
    OS_PendDbgNameRemove                     0x08003625   Thumb Code    30  os_core.o(i.OS_PendDbgNameRemove)
    OS_PendListChangePrio                    0x08003649   Thumb Code    56  os_core.o(i.OS_PendListChangePrio)
    OS_PendListInit                          0x08003681   Thumb Code    10  os_core.o(i.OS_PendListInit)
    OS_PendListInsertPrio                    0x0800368b   Thumb Code   102  os_core.o(i.OS_PendListInsertPrio)
    OS_PendListRemove                        0x080036f1   Thumb Code    50  os_core.o(i.OS_PendListRemove)
    OS_PendListRemove1                       0x08003723   Thumb Code    66  os_core.o(i.OS_PendListRemove1)
    OS_Post                                  0x08003765   Thumb Code   178  os_core.o(i.OS_Post)
    OS_PrioGetHighest                        0x08003819   Thumb Code    20  os_prio.o(i.OS_PrioGetHighest)
    OS_PrioInit                              0x08003831   Thumb Code    20  os_prio.o(i.OS_PrioInit)
    OS_PrioInsert                            0x08003849   Thumb Code    30  os_prio.o(i.OS_PrioInsert)
    OS_PrioRemove                            0x0800386d   Thumb Code    30  os_prio.o(i.OS_PrioRemove)
    OS_RdyListInit                           0x08003891   Thumb Code    30  os_core.o(i.OS_RdyListInit)
    OS_RdyListInsert                         0x080038b5   Thumb Code    40  os_core.o(i.OS_RdyListInsert)
    OS_RdyListInsertHead                     0x080038e1   Thumb Code    58  os_core.o(i.OS_RdyListInsertHead)
    OS_RdyListInsertTail                     0x08003921   Thumb Code    56  os_core.o(i.OS_RdyListInsertTail)
    OS_RdyListRemove                         0x0800395d   Thumb Code    86  os_core.o(i.OS_RdyListRemove)
    OS_TaskBlock                             0x080039b9   Thumb Code    40  os_core.o(i.OS_TaskBlock)
    OS_TaskChangePrio                        0x080039e5   Thumb Code   230  os_task.o(i.OS_TaskChangePrio)
    OS_TaskDbgListAdd                        0x08003ad1   Thumb Code    42  os_task.o(i.OS_TaskDbgListAdd)
    OS_TaskInit                              0x08003b01   Thumb Code    18  os_task.o(i.OS_TaskInit)
    OS_TaskInitTCB                           0x08003b21   Thumb Code   164  os_task.o(i.OS_TaskInitTCB)
    OS_TaskReturn                            0x08003bd1   Thumb Code    28  os_task.o(i.OS_TaskReturn)
    OS_TaskSemPost                           0x08003bf5   Thumb Code   490  os_task.o(i.OS_TaskSemPost)
    OS_TickListInsert                        0x08003de5   Thumb Code   134  os_tick.o(i.OS_TickListInsert)
    OS_TickListInsertDly                     0x08003e6d   Thumb Code   158  os_tick.o(i.OS_TickListInsertDly)
    OS_TickListRemove                        0x08003f15   Thumb Code    88  os_tick.o(i.OS_TickListRemove)
    OS_TickTask                              0x08004135   Thumb Code   106  os_tick.o(i.OS_TickTask)
    OS_TickTaskInit                          0x080041a9   Thumb Code   140  os_tick.o(i.OS_TickTaskInit)
    OS_TmrInit                               0x08004271   Thumb Code   200  os_tmr.o(i.OS_TmrInit)
    OS_TmrTask                               0x080043bd   Thumb Code   134  os_tmr.o(i.OS_TmrTask)
    OS_TmrUnlink                             0x08004451   Thumb Code    58  os_tmr.o(i.OS_TmrUnlink)
    Para_Change_Check                        0x080044a9   Thumb Code   806  modbus_485.o(i.Para_Change_Check)
    Para_Save_Check                          0x080047e5   Thumb Code    70  data.o(i.Para_Save_Check)
    Parse_208                                0x08004839   Thumb Code   630  luat_air208.o(i.Parse_208)
    RCC_AHBPeriphClockCmd                    0x08004afd   Thumb Code    26  stm32f10x_rcc.o(i.RCC_AHBPeriphClockCmd)
    RCC_APB1PeriphClockCmd                   0x08004b1d   Thumb Code    26  stm32f10x_rcc.o(i.RCC_APB1PeriphClockCmd)
    RCC_APB2PeriphClockCmd                   0x08004b3d   Thumb Code    26  stm32f10x_rcc.o(i.RCC_APB2PeriphClockCmd)
    RCC_ClearFlag                            0x08004b5d   Thumb Code    14  stm32f10x_rcc.o(i.RCC_ClearFlag)
    RCC_GetClocksFreq                        0x08004b71   Thumb Code   192  stm32f10x_rcc.o(i.RCC_GetClocksFreq)
    RCC_GetFlagStatus                        0x08004c45   Thumb Code    56  stm32f10x_rcc.o(i.RCC_GetFlagStatus)
    RCC_LSICmd                               0x08004c81   Thumb Code     6  stm32f10x_rcc.o(i.RCC_LSICmd)
    RS485_InitTXE                            0x08004c8d   Thumb Code    38  bsp_uart.o(i.RS485_InitTXE)
    RS485_ReciveNew                          0x08004cb9   Thumb Code     2  bsp_uart.o(i.RS485_ReciveNew)
    RS485_SendBefor                          0x08004cbd   Thumb Code    16  bsp_uart.o(i.RS485_SendBefor)
    RS485_SendOver                           0x08004cd1   Thumb Code    16  bsp_uart.o(i.RS485_SendOver)
    ResolveCSQ                               0x08004ce5   Thumb Code    68  luat_air208.o(i.ResolveCSQ)
    ResolveICCIDstr                          0x08004d39   Thumb Code    42  luat_air208.o(i.ResolveICCIDstr)
    ResolveIMEIstr                           0x08004d75   Thumb Code    42  luat_air208.o(i.ResolveIMEIstr)
    ResolveLinkID                            0x08004db1   Thumb Code   102  luat_air208.o(i.ResolveLinkID)
    ResolveNtpTime                           0x08004e3d   Thumb Code   348  luat_air208.o(i.ResolveNtpTime)
    SVC_Handler                              0x08004fa9   Thumb Code     2  stm32f10x_it.o(i.SVC_Handler)
    SaveParam                                0x08004fad   Thumb Code    38  param.o(i.SaveParam)
    Send_JsonHeatBeatMsg                     0x08004fe1   Thumb Code   526  netmessage.o(i.Send_JsonHeatBeatMsg)
    SetHead                                  0x0800522d   Thumb Code    48  queue.o(i.SetHead)
    SystemInit                               0x08005341   Thumb Code    78  system_stm32f10x.o(i.SystemInit)
    TIM2_IRQHandler                          0x080053a1   Thumb Code   140  bsp_timer.o(i.TIM2_IRQHandler)
    TIM_ClearITPendingBit                    0x0800543d   Thumb Code     6  stm32f10x_tim.o(i.TIM_ClearITPendingBit)
    TIM_GetITStatus                          0x08005443   Thumb Code    34  stm32f10x_tim.o(i.TIM_GetITStatus)
    TIM_ITConfig                             0x08005465   Thumb Code    18  stm32f10x_tim.o(i.TIM_ITConfig)
    T_DeQueue                                0x08005477   Thumb Code    70  trans_queue.o(i.T_DeQueue)
    T_EnQueue                                0x080054bd   Thumb Code    76  trans_queue.o(i.T_EnQueue)
    T_InitQueue                              0x08005509   Thumb Code    20  trans_queue.o(i.T_InitQueue)
    T_IsQueueEmpty                           0x0800551d   Thumb Code    16  trans_queue.o(i.T_IsQueueEmpty)
    TimeTickHook                             0x0800552d   Thumb Code   110  bsp_timer.o(i.TimeTickHook)
    TransparentTask                          0x080055b1   Thumb Code   952  luat_air208.o(i.TransparentTask)
    UART485_Init                             0x08005a55   Thumb Code   234  modbus_485.o(i.UART485_Init)
    UART485_Master                           0x08005b55   Thumb Code   480  modbus_485.o(i.UART485_Master)
    UART485_MbMt_rep                         0x08005d4d   Thumb Code  1184  modbus_485.o(i.UART485_MbMt_rep)
    UART485_MbMt_req                         0x080061f1   Thumb Code  1048  modbus_485.o(i.UART485_MbMt_req)
    USART1_IRQHandler                        0x08006609   Thumb Code    56  bsp_uart.o(i.USART1_IRQHandler)
    USART2_IRQHandler                        0x08006645   Thumb Code    56  bsp_uart.o(i.USART2_IRQHandler)
    USART_ClearFlag                          0x08006681   Thumb Code    18  stm32f10x_usart.o(i.USART_ClearFlag)
    USART_Cmd                                0x08006693   Thumb Code    24  stm32f10x_usart.o(i.USART_Cmd)
    USART_GetITStatus                        0x080066ab   Thumb Code    84  stm32f10x_usart.o(i.USART_GetITStatus)
    USART_ITConfig                           0x080066ff   Thumb Code    74  stm32f10x_usart.o(i.USART_ITConfig)
    USART_Init                               0x08006749   Thumb Code   210  stm32f10x_usart.o(i.USART_Init)
    USART_ReceiveData                        0x08006821   Thumb Code    10  stm32f10x_usart.o(i.USART_ReceiveData)
    USART_SendData                           0x0800682b   Thumb Code     8  stm32f10x_usart.o(i.USART_SendData)
    Uart485_Task                             0x08006835   Thumb Code   254  modbus_485.o(i.Uart485_Task)
    UsageFault_Handler                       0x08006b6d   Thumb Code     4  stm32f10x_it.o(i.UsageFault_Handler)
    __0sprintf                               0x08006b71   Thumb Code    34  printfa.o(i.__0sprintf)
    __1sprintf                               0x08006b71   Thumb Code     0  printfa.o(i.__0sprintf)
    __2sprintf                               0x08006b71   Thumb Code     0  printfa.o(i.__0sprintf)
    __c89sprintf                             0x08006b71   Thumb Code     0  printfa.o(i.__0sprintf)
    sprintf                                  0x08006b71   Thumb Code     0  printfa.o(i.__0sprintf)
    __ARM_fpclassify                         0x08006b99   Thumb Code    40  fpclassify.o(i.__ARM_fpclassify)
    __aeabi_errno_addr                       0x08006bc1   Thumb Code     4  errno.o(i.__aeabi_errno_addr)
    __rt_errno_addr                          0x08006bc1   Thumb Code     0  errno.o(i.__aeabi_errno_addr)
    __kernel_poly                            0x08006bc9   Thumb Code   170  poly.o(i.__kernel_poly)
    __mathlib_dbl_underflow                  0x08006c75   Thumb Code    10  dunder.o(i.__mathlib_dbl_underflow)
    __scatterload_copy                       0x08006c85   Thumb Code    14  handlers.o(i.__scatterload_copy)
    __scatterload_null                       0x08006c93   Thumb Code     2  handlers.o(i.__scatterload_null)
    __scatterload_zeroinit                   0x08006c95   Thumb Code    14  handlers.o(i.__scatterload_zeroinit)
    __set_errno                              0x08006ca5   Thumb Code     6  errno.o(i.__set_errno)
    bsp_CheckTimer                           0x0800755d   Thumb Code    48  bsp_timer.o(i.bsp_CheckTimer)
    bsp_CmpCpuFlash                          0x08007591   Thumb Code    68  bsp_cpu_flash.o(i.bsp_CmpCpuFlash)
    bsp_GetRunTime                           0x080075d5   Thumb Code    48  bsp_timer.o(i.bsp_GetRunTime)
    bsp_GetSector                            0x08007609   Thumb Code    10  bsp_cpu_flash.o(i.bsp_GetSector)
    bsp_Init                                 0x08007613   Thumb Code    36  bsp.o(i.bsp_Init)
    bsp_InitDout                             0x08007639   Thumb Code    38  bsp_dout.o(i.bsp_InitDout)
    bsp_InitIwdg                             0x08007665   Thumb Code    72  bsp_iwdg.o(i.bsp_InitIwdg)
    bsp_InitLed                              0x080076b1   Thumb Code    58  bsp_led.o(i.bsp_InitLed)
    bsp_InitUart                             0x080076f5   Thumb Code    20  bsp_uart.o(i.bsp_InitUart)
    bsp_LedOff                               0x08007709   Thumb Code    14  bsp_led.o(i.bsp_LedOff)
    bsp_LedToggle                            0x0800771d   Thumb Code    18  bsp_led.o(i.bsp_LedToggle)
    bsp_ReadCpuFlash                         0x08007735   Thumb Code    44  bsp_cpu_flash.o(i.bsp_ReadCpuFlash)
    bsp_RunPer10ms                           0x08007761   Thumb Code     2  bsp.o(i.bsp_RunPer10ms)
    bsp_RunPer1ms                            0x08007763   Thumb Code     2  bsp.o(i.bsp_RunPer1ms)
    bsp_StartTimer                           0x08007781   Thumb Code    98  bsp_timer.o(i.bsp_StartTimer)
    bsp_StopTimer                            0x080077e9   Thumb Code    84  bsp_timer.o(i.bsp_StopTimer)
    bsp_WriteCpuFlash                        0x08007841   Thumb Code   182  bsp_cpu_flash.o(i.bsp_WriteCpuFlash)
    cJSON_AddItemToArray                     0x080078f7   Thumb Code    42  cjson.o(i.cJSON_AddItemToArray)
    cJSON_AddItemToObject                    0x08007921   Thumb Code    44  cjson.o(i.cJSON_AddItemToObject)
    cJSON_CreateNumber                       0x08007951   Thumb Code    36  cjson.o(i.cJSON_CreateNumber)
    cJSON_CreateObject                       0x08007975   Thumb Code    18  cjson.o(i.cJSON_CreateObject)
    cJSON_CreateString                       0x08007987   Thumb Code    28  cjson.o(i.cJSON_CreateString)
    cJSON_Delete                             0x080079a5   Thumb Code    82  cjson.o(i.cJSON_Delete)
    cJSON_GetObjectItem                      0x080079fd   Thumb Code    30  cjson.o(i.cJSON_GetObjectItem)
    cJSON_Parse                              0x08007a3d   Thumb Code    16  cjson.o(i.cJSON_Parse)
    cJSON_ParseWithOpts                      0x08007a4d   Thumb Code    96  cjson.o(i.cJSON_ParseWithOpts)
    cJSON_PrintUnformatted                   0x08007ab1   Thumb Code    18  cjson.o(i.cJSON_PrintUnformatted)
    calCRC16_modbus                          0x08007b3d   Thumb Code    48  crc.o(i.calCRC16_modbus)
    comClearRxFifo                           0x08007b75   Thumb Code    28  bsp_uart.o(i.comClearRxFifo)
    comSendBuf                               0x08007b91   Thumb Code    46  bsp_uart.o(i.comSendBuf)
    floor                                    0x08007c31   Thumb Code   204  floor.o(i.floor)
    free                                     0x08007d0d   Thumb Code    76  malloc.o(i.free)
    main                                     0x08007d5d   Thumb Code    70  main.o(i.main)
    malloc                                   0x08007dc1   Thumb Code    92  malloc.o(i.malloc)
    my_mem_init                              0x08007e2d   Thumb Code    54  malloc.o(i.my_mem_init)
    my_mem_perused                           0x08007e71   Thumb Code    54  malloc.o(i.my_mem_perused)
    mymemset                                 0x08007eb1   Thumb Code    20  malloc.o(i.mymemset)
    pow                                      0x080085dd   Thumb Code  2510  pow.o(i.pow)
    sqrt                                     0x08009aff   Thumb Code    78  sqrt.o(i.sqrt)
    timing                                   0x08009b55   Thumb Code    20  bsp_timer.o(i.timing)
    CRCTable                                 0x08009b8c   Data         512  crc.o(.constdata)
    auchCRCHi                                0x08009d8c   Data         256  crc.o(.constdata)
    auchCRCLo                                0x08009e8c   Data         256  crc.o(.constdata)
    OSCfg_IdleTaskStkBasePtr                 0x08009f94   Data           4  os_cfg_app.o(.constdata)
    OSCfg_IdleTaskStkLimit                   0x08009f98   Data           4  os_cfg_app.o(.constdata)
    OSCfg_IdleTaskStkSize                    0x08009f9c   Data           4  os_cfg_app.o(.constdata)
    OSCfg_IdleTaskStkSizeRAM                 0x08009fa0   Data           4  os_cfg_app.o(.constdata)
    OSCfg_IntQBasePtr                        0x08009fa4   Data           4  os_cfg_app.o(.constdata)
    OSCfg_IntQSize                           0x08009fa8   Data           2  os_cfg_app.o(.constdata)
    OSCfg_IntQSizeRAM                        0x08009fac   Data           4  os_cfg_app.o(.constdata)
    OSCfg_IntQTaskStkBasePtr                 0x08009fb0   Data           4  os_cfg_app.o(.constdata)
    OSCfg_IntQTaskStkLimit                   0x08009fb4   Data           4  os_cfg_app.o(.constdata)
    OSCfg_IntQTaskStkSize                    0x08009fb8   Data           4  os_cfg_app.o(.constdata)
    OSCfg_IntQTaskStkSizeRAM                 0x08009fbc   Data           4  os_cfg_app.o(.constdata)
    OSCfg_ISRStkBasePtr                      0x08009fc0   Data           4  os_cfg_app.o(.constdata)
    OSCfg_ISRStkSize                         0x08009fc4   Data           4  os_cfg_app.o(.constdata)
    OSCfg_ISRStkSizeRAM                      0x08009fc8   Data           4  os_cfg_app.o(.constdata)
    OSCfg_MsgPoolSize                        0x08009fcc   Data           2  os_cfg_app.o(.constdata)
    OSCfg_MsgPoolSizeRAM                     0x08009fd0   Data           4  os_cfg_app.o(.constdata)
    OSCfg_MsgPoolBasePtr                     0x08009fd4   Data           4  os_cfg_app.o(.constdata)
    OSCfg_StatTaskPrio                       0x08009fd8   Data           1  os_cfg_app.o(.constdata)
    OSCfg_StatTaskRate_Hz                    0x08009fdc   Data           4  os_cfg_app.o(.constdata)
    OSCfg_StatTaskStkBasePtr                 0x08009fe0   Data           4  os_cfg_app.o(.constdata)
    OSCfg_StatTaskStkLimit                   0x08009fe4   Data           4  os_cfg_app.o(.constdata)
    OSCfg_StatTaskStkSize                    0x08009fe8   Data           4  os_cfg_app.o(.constdata)
    OSCfg_StatTaskStkSizeRAM                 0x08009fec   Data           4  os_cfg_app.o(.constdata)
    OSCfg_StkSizeMin                         0x08009ff0   Data           4  os_cfg_app.o(.constdata)
    OSCfg_TickRate_Hz                        0x08009ff4   Data           4  os_cfg_app.o(.constdata)
    OSCfg_TickTaskPrio                       0x08009ff8   Data           1  os_cfg_app.o(.constdata)
    OSCfg_TickTaskStkBasePtr                 0x08009ffc   Data           4  os_cfg_app.o(.constdata)
    OSCfg_TickTaskStkLimit                   0x0800a000   Data           4  os_cfg_app.o(.constdata)
    OSCfg_TickTaskStkSize                    0x0800a004   Data           4  os_cfg_app.o(.constdata)
    OSCfg_TickTaskStkSizeRAM                 0x0800a008   Data           4  os_cfg_app.o(.constdata)
    OSCfg_TmrTaskPrio                        0x0800a00c   Data           1  os_cfg_app.o(.constdata)
    OSCfg_TmrTaskRate_Hz                     0x0800a010   Data           4  os_cfg_app.o(.constdata)
    OSCfg_TmrTaskStkBasePtr                  0x0800a014   Data           4  os_cfg_app.o(.constdata)
    OSCfg_TmrTaskStkLimit                    0x0800a018   Data           4  os_cfg_app.o(.constdata)
    OSCfg_TmrTaskStkSize                     0x0800a01c   Data           4  os_cfg_app.o(.constdata)
    OSCfg_TmrTaskStkSizeRAM                  0x0800a020   Data           4  os_cfg_app.o(.constdata)
    OSCfg_DataSizeRAM                        0x0800a024   Data           4  os_cfg_app.o(.constdata)
    OSDbg_DbgEn                              0x0800a028   Data           1  os_dbg.o(.constdata)
    OSDbg_ArgChkEn                           0x0800a029   Data           1  os_dbg.o(.constdata)
    OSDbg_AppHooksEn                         0x0800a02a   Data           1  os_dbg.o(.constdata)
    OSDbg_EndiannessTest                     0x0800a02c   Data           4  os_dbg.o(.constdata)
    OSDbg_CalledFromISRChkEn                 0x0800a030   Data           1  os_dbg.o(.constdata)
    OSDbg_FlagEn                             0x0800a031   Data           1  os_dbg.o(.constdata)
    OSDbg_FlagGrp                            0x0800a034   Data          40  os_dbg.o(.constdata)
    OSDbg_FlagDelEn                          0x0800a05c   Data           1  os_dbg.o(.constdata)
    OSDbg_FlagModeClrEn                      0x0800a05d   Data           1  os_dbg.o(.constdata)
    OSDbg_FlagPendAbortEn                    0x0800a05e   Data           1  os_dbg.o(.constdata)
    OSDbg_FlagGrpSize                        0x0800a060   Data           2  os_dbg.o(.constdata)
    OSDbg_FlagWidth                          0x0800a062   Data           2  os_dbg.o(.constdata)
    OSDbg_IntQ                               0x0800a064   Data           2  os_dbg.o(.constdata)
    OSDbg_ISRPostDeferredEn                  0x0800a066   Data           1  os_dbg.o(.constdata)
    OSDbg_Mem                                0x0800a068   Data          32  os_dbg.o(.constdata)
    OSDbg_MemEn                              0x0800a088   Data           1  os_dbg.o(.constdata)
    OSDbg_MemSize                            0x0800a08a   Data           2  os_dbg.o(.constdata)
    OSDbg_MsgEn                              0x0800a08c   Data           1  os_dbg.o(.constdata)
    OSDbg_MsgSize                            0x0800a08e   Data           2  os_dbg.o(.constdata)
    OSDbg_MsgPoolSize                        0x0800a090   Data           2  os_dbg.o(.constdata)
    OSDbg_MsgQSize                           0x0800a092   Data           2  os_dbg.o(.constdata)
    OSDbg_Mutex                              0x0800a094   Data          48  os_dbg.o(.constdata)
    OSDbg_MutexEn                            0x0800a0c4   Data           1  os_dbg.o(.constdata)
    OSDbg_MutexDelEn                         0x0800a0c5   Data           1  os_dbg.o(.constdata)
    OSDbg_MutexPendAbortEn                   0x0800a0c6   Data           1  os_dbg.o(.constdata)
    OSDbg_MutexSize                          0x0800a0c8   Data           2  os_dbg.o(.constdata)
    OSDbg_ObjTypeChkEn                       0x0800a0ca   Data           1  os_dbg.o(.constdata)
    OSDbg_PendMultiEn                        0x0800a0cb   Data           1  os_dbg.o(.constdata)
    OSDbg_PendDataSize                       0x0800a0cc   Data           2  os_dbg.o(.constdata)
    OSDbg_PendListSize                       0x0800a0ce   Data           2  os_dbg.o(.constdata)
    OSDbg_PendObjSize                        0x0800a0d0   Data           2  os_dbg.o(.constdata)
    OSDbg_PrioMax                            0x0800a0d2   Data           2  os_dbg.o(.constdata)
    OSDbg_PrioTblSize                        0x0800a0d4   Data           2  os_dbg.o(.constdata)
    OSDbg_PtrSize                            0x0800a0d6   Data           2  os_dbg.o(.constdata)
    OSDbg_Q                                  0x0800a0d8   Data          48  os_dbg.o(.constdata)
    OSDbg_QEn                                0x0800a108   Data           1  os_dbg.o(.constdata)
    OSDbg_QDelEn                             0x0800a109   Data           1  os_dbg.o(.constdata)
    OSDbg_QFlushEn                           0x0800a10a   Data           1  os_dbg.o(.constdata)
    OSDbg_QPendAbortEn                       0x0800a10b   Data           1  os_dbg.o(.constdata)
    OSDbg_QSize                              0x0800a10c   Data           2  os_dbg.o(.constdata)
    OSDbg_SchedRoundRobinEn                  0x0800a10e   Data           1  os_dbg.o(.constdata)
    OSDbg_Sem                                0x0800a110   Data          40  os_dbg.o(.constdata)
    OSDbg_SemEn                              0x0800a138   Data           1  os_dbg.o(.constdata)
    OSDbg_SemDelEn                           0x0800a139   Data           1  os_dbg.o(.constdata)
    OSDbg_SemPendAbortEn                     0x0800a13a   Data           1  os_dbg.o(.constdata)
    OSDbg_SemSetEn                           0x0800a13b   Data           1  os_dbg.o(.constdata)
    OSDbg_SemSize                            0x0800a13c   Data           2  os_dbg.o(.constdata)
    OSDbg_RdyList                            0x0800a13e   Data           2  os_dbg.o(.constdata)
    OSDbg_RdyListSize                        0x0800a140   Data           4  os_dbg.o(.constdata)
    OSDbg_StkWidth                           0x0800a144   Data           1  os_dbg.o(.constdata)
    OSDbg_StatTaskEn                         0x0800a145   Data           1  os_dbg.o(.constdata)
    OSDbg_StatTaskStkChkEn                   0x0800a146   Data           1  os_dbg.o(.constdata)
    OSDbg_TaskChangePrioEn                   0x0800a147   Data           1  os_dbg.o(.constdata)
    OSDbg_TaskDelEn                          0x0800a148   Data           1  os_dbg.o(.constdata)
    OSDbg_TaskQEn                            0x0800a149   Data           1  os_dbg.o(.constdata)
    OSDbg_TaskQPendAbortEn                   0x0800a14a   Data           1  os_dbg.o(.constdata)
    OSDbg_TaskProfileEn                      0x0800a14b   Data           1  os_dbg.o(.constdata)
    OSDbg_TaskRegTblSize                     0x0800a14c   Data           2  os_dbg.o(.constdata)
    OSDbg_TaskSemPendAbortEn                 0x0800a14e   Data           1  os_dbg.o(.constdata)
    OSDbg_TaskSuspendEn                      0x0800a14f   Data           1  os_dbg.o(.constdata)
    OSDbg_TCBSize                            0x0800a150   Data           2  os_dbg.o(.constdata)
    OSDbg_TickListSize                       0x0800a152   Data           2  os_dbg.o(.constdata)
    OSDbg_TimeDlyHMSMEn                      0x0800a154   Data           1  os_dbg.o(.constdata)
    OSDbg_TimeDlyResumeEn                    0x0800a155   Data           1  os_dbg.o(.constdata)
    OSDbg_TLS_TblSize                        0x0800a156   Data           2  os_dbg.o(.constdata)
    OSDbg_Tmr                                0x0800a158   Data          48  os_dbg.o(.constdata)
    OSDbg_TmrEn                              0x0800a188   Data           1  os_dbg.o(.constdata)
    OSDbg_TmrDelEn                           0x0800a189   Data           1  os_dbg.o(.constdata)
    OSDbg_TmrSize                            0x0800a18a   Data           2  os_dbg.o(.constdata)
    OSDbg_VersionNbr                         0x0800a18c   Data           2  os_dbg.o(.constdata)
    OSDbg_DataSize                           0x0800a190   Data           4  os_dbg.o(.constdata)
    memtblsize                               0x0800a194   Data           4  malloc.o(.constdata)
    memblksize                               0x0800a198   Data           4  malloc.o(.constdata)
    memsize                                  0x0800a19c   Data           4  malloc.o(.constdata)
    __mathlib_zero                           0x0800a228   Data           8  qnan.o(.constdata)
    __ctype_table                            0x0800a230   Data         129  ctype_o.o(.constdata)
    Region$$Table$$Base                      0x0800a2b8   Number         0  anon$$obj.o(Region$$Table)
    Region$$Table$$Limit                     0x0800a2d8   Number         0  anon$$obj.o(Region$$Table)
    Sendlen                                  0x20000008   Data           2  modbus_485.o(.data)
    g_MbMtCmd485                             0x2000001c   Data           4  modbus_485.o(.data)
    LsiFreq                                  0x20000030   Data           4  bsp_iwdg.o(.data)
    CaptureNumber                            0x20000034   Data           4  bsp_iwdg.o(.data)
    PeriodValue                              0x20000038   Data           4  bsp_iwdg.o(.data)
    g_iRunTime                               0x20000044   Data           4  bsp_timer.o(.data)
    CPU_TS_TmrFreq_Hz                        0x20000070   Data           4  cpu_core.o(.data)
    CPU_IntDisMeasCtr                        0x20000074   Data           2  cpu_core.o(.data)
    CPU_IntDisNestCtr                        0x20000076   Data           2  cpu_core.o(.data)
    CPU_IntDisMeasStart_cnts                 0x20000078   Data           4  cpu_core.o(.data)
    CPU_IntDisMeasStop_cnts                  0x2000007c   Data           4  cpu_core.o(.data)
    CPU_IntDisMeasOvrhd_cnts                 0x20000080   Data           4  cpu_core.o(.data)
    CPU_IntDisMeasMaxCur_cnts                0x20000084   Data           4  cpu_core.o(.data)
    CPU_IntDisMeasMax_cnts                   0x20000088   Data           4  cpu_core.o(.data)
    OSPrioTbl                                0x2000008c   Data           4  os_prio.o(.data)
    OS_AppTaskCreateHookPtr                  0x20000090   Data           4  os_var.o(.data)
    OS_AppTaskDelHookPtr                     0x20000094   Data           4  os_var.o(.data)
    OS_AppTaskReturnHookPtr                  0x20000098   Data           4  os_var.o(.data)
    OS_AppIdleTaskHookPtr                    0x2000009c   Data           4  os_var.o(.data)
    OS_AppStatTaskHookPtr                    0x200000a0   Data           4  os_var.o(.data)
    OS_AppTaskSwHookPtr                      0x200000a4   Data           4  os_var.o(.data)
    OS_AppTimeTickHookPtr                    0x200000a8   Data           4  os_var.o(.data)
    OSIdleTaskCtr                            0x200000ac   Data           4  os_var.o(.data)
    OSIntNestingCtr                          0x200000b0   Data           1  os_var.o(.data)
    OSIntDisTimeMax                          0x200000b4   Data           4  os_var.o(.data)
    OSRunning                                0x200000b8   Data           1  os_var.o(.data)
    OSInitialized                            0x200000b9   Data           1  os_var.o(.data)
    OSMutexDbgListPtr                        0x200000bc   Data           4  os_var.o(.data)
    OSMutexQty                               0x200000c0   Data           2  os_var.o(.data)
    OSPrioCur                                0x200000c2   Data           1  os_var.o(.data)
    OSPrioHighRdy                            0x200000c3   Data           1  os_var.o(.data)
    OSQDbgListPtr                            0x200000c4   Data           4  os_var.o(.data)
    OSQQty                                   0x200000c8   Data           2  os_var.o(.data)
    OSSchedLockNestingCtr                    0x200000ca   Data           1  os_var.o(.data)
    OSSemDbgListPtr                          0x200000cc   Data           4  os_var.o(.data)
    OSSemQty                                 0x200000d0   Data           2  os_var.o(.data)
    OSMonDbgListPtr                          0x200000d4   Data           4  os_var.o(.data)
    OSMonQty                                 0x200000d8   Data           2  os_var.o(.data)
    OSTaskCtxSwCtr                           0x200000dc   Data           4  os_var.o(.data)
    OSTaskDbgListPtr                         0x200000e0   Data           4  os_var.o(.data)
    OSTaskQty                                0x200000e4   Data           2  os_var.o(.data)
    OSTaskRegNextAvailID                     0x200000e6   Data           1  os_var.o(.data)
    OSTickCtr                                0x200000e8   Data           4  os_var.o(.data)
    OSTickTaskTimeMax                        0x200000ec   Data           4  os_var.o(.data)
    OSTickListDly                            0x200000f0   Data           8  os_var.o(.data)
    OSTickListTimeout                        0x200000f8   Data           8  os_var.o(.data)
    OSTmrDbgListPtr                          0x20000100   Data           4  os_var.o(.data)
    OSTmrListEntries                         0x20000104   Data           2  os_var.o(.data)
    OSTmrListPtr                             0x20000108   Data           4  os_var.o(.data)
    OSTmrQty                                 0x2000010c   Data           2  os_var.o(.data)
    OSTmrTaskTimeMax                         0x20000110   Data           4  os_var.o(.data)
    OSTmrTickCtr                             0x20000114   Data           4  os_var.o(.data)
    OSTmrUpdateCnt                           0x20000118   Data           4  os_var.o(.data)
    OSTmrUpdateCtr                           0x2000011c   Data           4  os_var.o(.data)
    OSTCBCurPtr                              0x20000120   Data           4  os_var.o(.data)
    OSTCBHighRdyPtr                          0x20000124   Data           4  os_var.o(.data)
    OS_CPU_ExceptStkBase                     0x20000128   Data           4  os_cpu_c.o(.data)
    mallco_dev                               0x2000012c   Data          20  malloc.o(.data)
    __microlib_freelist                      0x20000140   Data           4  mvars.o(.data)
    __microlib_freelist_initialised          0x20000144   Data           4  mvars.o(.data)
    GPRS_Para                                0x20002c2c   Data         112  data.o(.bss)
    ICCID_Save                               0x20002c9c   Data          20  data.o(.bss)
    GprsRxDat                                0x20002cb0   Data         512  modbus_gprs_iccid.o(.bss)
    GprsSentdat                              0x20002eb0   Data         512  modbus_gprs_iccid.o(.bss)
    g_PduGprs                                0x200030b0   Data        1708  modbus_gprs_iccid.o(.bss)
    UART485RxDat                             0x2000375c   Data         512  modbus_485.o(.bss)
    UART485Sentdat                           0x2000395c   Data         512  modbus_485.o(.bss)
    g_PduUART485                             0x20003b5c   Data        1648  modbus_485.o(.bss)
    g_PduUART485_bak                         0x200041cc   Data        1648  modbus_485.o(.bss)
    g_M485Cmd                                0x2000483c   Data        1412  queue.o(.bss)
    Trans_Queue                              0x20004dc0   Data         432  trans_queue.o(.bss)
    g_tParam                                 0x20005178   Data         116  param.o(.bss)
    g_tUart1                                 0x200051ec   Data          44  bsp_uart.o(.bss)
    g_TxBuf1                                 0x20005218   Data         512  bsp_uart.o(.bss)
    g_RxBuf1                                 0x20005418   Data         512  bsp_uart.o(.bss)
    g_tUart2                                 0x20005618   Data          44  bsp_uart.o(.bss)
    g_TxBuf2                                 0x20005644   Data         512  bsp_uart.o(.bss)
    g_RxBuf2                                 0x20005844   Data         512  bsp_uart.o(.bss)
    CPU_Name                                 0x20005b34   Data          16  cpu_core.o(.bss)
    OSCfg_IdleTaskStk                        0x20005b44   Data         512  os_cfg_app.o(.bss)
    OSCfg_ISRStk                             0x20005d44   Data         512  os_cfg_app.o(.bss)
    OSCfg_MsgPool                            0x20005f44   Data         512  os_cfg_app.o(.bss)
    OSCfg_TickTaskStk                        0x20006144   Data         512  os_cfg_app.o(.bss)
    OSCfg_TmrTaskStk                         0x20006344   Data         512  os_cfg_app.o(.bss)
    OSIdleTaskTCB                            0x20006544   Data         184  os_var.o(.bss)
    OSMsgPool                                0x200065fc   Data          12  os_var.o(.bss)
    OSRdyList                                0x20006608   Data         384  os_var.o(.bss)
    OSTickTaskTCB                            0x20006788   Data         184  os_var.o(.bss)
    OSTmrMutex                               0x20006840   Data          48  os_var.o(.bss)
    OSTmrTaskTCB                             0x20006870   Data         184  os_var.o(.bss)
    mem1base                                 0x20006940   Data        2560  malloc.o(.bss)
    mem1mapbase                              0x20007340   Data         160  malloc.o(.bss)
    g_GPRSQueue                              0x200073e0   Data       10412  gprsqueue.o(.bss)
    __heap_base                              0x20009c90   Data           0  startup_stm32f10x_hd.o(HEAP)
    __heap_limit                             0x2000ac90   Data           0  startup_stm32f10x_hd.o(HEAP)
    __initial_sp                             0x2000b090   Data           0  startup_stm32f10x_hd.o(STACK)



==============================================================================

Memory Map of the image

  Image Entry point : 0x08000131

  Load Region LR_IROM1 (Base: 0x08000000, Size: 0x0000a424, Max: 0x00040000, ABSOLUTE, COMPRESSED[0x0000a310])

    Execution Region ER_IROM1 (Base: 0x08000000, Size: 0x0000a2d8, Max: 0x00040000, ABSOLUTE)

    Base Addr    Size         Type   Attr      Idx    E Section Name        Object

    0x08000000   0x00000130   Data   RO         2515    RESET               startup_stm32f10x_hd.o
    0x08000130   0x00000000   Code   RO         6655  * .ARM.Collect$$$$00000000  mc_w.l(entry.o)
    0x08000130   0x00000004   Code   RO         7010    .ARM.Collect$$$$00000001  mc_w.l(entry2.o)
    0x08000134   0x00000004   Code   RO         7013    .ARM.Collect$$$$00000004  mc_w.l(entry5.o)
    0x08000138   0x00000000   Code   RO         7015    .ARM.Collect$$$$00000008  mc_w.l(entry7b.o)
    0x08000138   0x00000000   Code   RO         7017    .ARM.Collect$$$$0000000A  mc_w.l(entry8b.o)
    0x08000138   0x00000008   Code   RO         7018    .ARM.Collect$$$$0000000B  mc_w.l(entry9a.o)
    0x08000140   0x00000000   Code   RO         7020    .ARM.Collect$$$$0000000D  mc_w.l(entry10a.o)
    0x08000140   0x00000000   Code   RO         7022    .ARM.Collect$$$$0000000F  mc_w.l(entry11a.o)
    0x08000140   0x00000004   Code   RO         7011    .ARM.Collect$$$$00002712  mc_w.l(entry2.o)
    0x08000144   0x00000024   Code   RO         2516    .text               startup_stm32f10x_hd.o
    0x08000168   0x00000034   Code   RO         5002    .text               cpu_a.o
    0x0800019c   0x00000062   Code   RO         6658    .text               mc_w.l(uldiv.o)
    0x080001fe   0x0000000c   Code   RO         6660    .text               mc_w.l(tolower.o)
    0x0800020a   0x00000024   Code   RO         6662    .text               mc_w.l(memcpya.o)
    0x0800022e   0x00000024   Code   RO         6664    .text               mc_w.l(memseta.o)
    0x08000252   0x00000018   Code   RO         6666    .text               mc_w.l(strcat.o)
    0x0800026a   0x00000024   Code   RO         6668    .text               mc_w.l(strstr.o)
    0x0800028e   0x00000014   Code   RO         6672    .text               mc_w.l(strchr.o)
    0x080002a2   0x0000000e   Code   RO         6674    .text               mc_w.l(strlen.o)
    0x080002b0   0x00000012   Code   RO         6678    .text               mc_w.l(strcpy.o)
    0x080002c2   0x0000001e   Code   RO         6680    .text               mc_w.l(strncmp.o)
    0x080002e0   0x0000001a   Code   RO         6973    .text               mc_w.l(atoi.o)
    0x080002fa   0x0000014e   Code   RO         6977    .text               mf_w.l(dadd.o)
    0x08000448   0x000000e4   Code   RO         6979    .text               mf_w.l(dmul.o)
    0x0800052c   0x00000022   Code   RO         6983    .text               mf_w.l(dflti.o)
    0x0800054e   0x0000001a   Code   RO         6985    .text               mf_w.l(dfltui.o)
    0x08000568   0x0000003e   Code   RO         6987    .text               mf_w.l(dfixi.o)
    0x080005a6   0x00000026   Code   RO         6989    .text               mf_w.l(f2d.o)
    0x080005cc   0x00000028   Code   RO         6991    .text               mf_w.l(cdcmple.o)
    0x080005f4   0x00000028   Code   RO         6993    .text               mf_w.l(cdrcmple.o)
    0x0800061c   0x0000002c   Code   RO         7027    .text               mc_w.l(uidiv.o)
    0x08000648   0x0000001e   Code   RO         7029    .text               mc_w.l(llshl.o)
    0x08000666   0x00000020   Code   RO         7031    .text               mc_w.l(llushr.o)
    0x08000686   0x00000024   Code   RO         7033    .text               mc_w.l(llsshr.o)
    0x080006aa   0x00000070   Code   RO         7044    .text               mc_w.l(strtol.o)
    0x0800071a   0x00000000   Code   RO         7046    .text               mc_w.l(iusefp.o)
    0x0800071a   0x000000be   Code   RO         7049    .text               mf_w.l(depilogue.o)
    0x080007d8   0x000000de   Code   RO         7051    .text               mf_w.l(ddiv.o)
    0x080008b6   0x0000002e   Code   RO         7053    .text               mf_w.l(dscalb.o)
    0x080008e4   0x00000030   Code   RO         7055    .text               mf_w.l(dfixul.o)
    0x08000914   0x00000024   Code   RO         7057    .text               mc_w.l(init.o)
    0x08000938   0x00000008   Code   RO         7060    .text               mc_w.l(ctype_o.o)
    0x08000940   0x0000009e   Code   RO         7088    .text               mc_w.l(_strtoul.o)
    0x080009de   0x000000a2   Code   RO         7091    .text               mf_w.l(dsqrt.o)
    0x08000a80   0x0000001c   Code   RO         7093    .text               mc_w.l(_chval.o)
    0x08000a9c   0x0000003a   Code   RO         7103    .text               mc_w.l(__dczerorl.o)
    0x08000ad6   0x00000002   PAD
    0x08000ad8   0x000000be   Code   RO         6418    CODE                os_cpu_a.o
    0x08000b96   0x00000002   PAD
    0x08000b98   0x00000074   Code   RO          942    i.AIR208_Init       luat_air208.o
    0x08000c0c   0x0000001c   Code   RO          943    i.AIR208_InitPara   luat_air208.o
    0x08000c28   0x00000020   Code   RO          944    i.AIR208_Power_Ctl  luat_air208.o
    0x08000c48   0x00000058   Code   RO          945    i.AIR208_Send       luat_air208.o
    0x08000ca0   0x0000001c   Code   RO          946    i.AIR208_Switch_Check  luat_air208.o
    0x08000cbc   0x000000f4   Code   RO          947    i.AIR208_Switch_Ctl  luat_air208.o
    0x08000db0   0x000000c8   Code   RO          948    i.AIR208_Task       luat_air208.o
    0x08000e78   0x0000005c   Code   RO          949    i.AliEnQueue        luat_air208.o
    0x08000ed4   0x00000002   Code   RO          384    i.AppObjCreate      main.o
    0x08000ed6   0x00000002   PAD
    0x08000ed8   0x000000ec   Code   RO          385    i.AppTaskCreate     main.o
    0x08000fc4   0x0000001a   Code   RO          386    i.AppTaskMICS       main.o
    0x08000fde   0x0000000e   Code   RO          387    i.AppTaskSIM800C    main.o
    0x08000fec   0x00000060   Code   RO          388    i.AppTaskStart      main.o
    0x0800104c   0x0000000a   Code   RO          389    i.AppTaskUI         main.o
    0x08001056   0x00000002   Code   RO          312    i.App_OS_IdleTaskHook  os_app_hooks.o
    0x08001058   0x0000008c   Code   RO          313    i.App_OS_SetAllHooks  os_app_hooks.o
    0x080010e4   0x00000002   Code   RO          314    i.App_OS_StatTaskHook  os_app_hooks.o
    0x080010e6   0x00000002   Code   RO          315    i.App_OS_TaskCreateHook  os_app_hooks.o
    0x080010e8   0x00000002   Code   RO          316    i.App_OS_TaskDelHook  os_app_hooks.o
    0x080010ea   0x00000002   Code   RO          317    i.App_OS_TaskReturnHook  os_app_hooks.o
    0x080010ec   0x00000002   Code   RO          318    i.App_OS_TaskSwHook  os_app_hooks.o
    0x080010ee   0x00000008   Code   RO          319    i.App_OS_TimeTickHook  os_app_hooks.o
    0x080010f6   0x00000010   Code   RO         1579    i.BSP_CPU_ClkFreq   bsp.o
    0x08001106   0x00000040   Code   RO         1666    i.BSP_OS_TimeDlyMs  bsp_os.o
    0x08001146   0x00000002   PAD
    0x08001148   0x00000064   Code   RO         1580    i.BSP_Tick_Init     bsp.o
    0x080011ac   0x00000004   Code   RO         1496    i.BusFault_Handler  stm32f10x_it.o
    0x080011b0   0x00000010   Code   RO         4838    i.CPU_Init          cpu_core.o
    0x080011c0   0x00000084   Code   RO         4839    i.CPU_IntDisMeasInit  cpu_core.o
    0x08001244   0x0000001c   Code   RO         4840    i.CPU_IntDisMeasMaxCalc  cpu_core.o
    0x08001260   0x0000002c   Code   RO         4841    i.CPU_IntDisMeasMaxCurGet  cpu_core.o
    0x0800128c   0x0000002c   Code   RO         4842    i.CPU_IntDisMeasMaxCurReset  cpu_core.o
    0x080012b8   0x00000034   Code   RO         4844    i.CPU_IntDisMeasStart  cpu_core.o
    0x080012ec   0x00000054   Code   RO         4845    i.CPU_IntDisMeasStop  cpu_core.o
    0x08001340   0x00000038   Code   RO         4846    i.CPU_NameClr       cpu_core.o
    0x08001378   0x00000008   Code   RO         4848    i.CPU_NameInit      cpu_core.o
    0x08001380   0x00000014   Code   RO         4853    i.CPU_TS_Init       cpu_core.o
    0x08001394   0x0000000c   Code   RO         4855    i.CPU_TS_TmrFreqSet  cpu_core.o
    0x080013a0   0x00000034   Code   RO          278    i.CPU_TS_TmrInit    cpu_bsp.o
    0x080013d4   0x0000000c   Code   RO          279    i.CPU_TS_TmrRd      cpu_bsp.o
    0x080013e0   0x00000034   Code   RO         1797    i.ComToUart         bsp_uart.o
    0x08001414   0x00000032   Code   RO         1798    i.ConfigUartNVIC    bsp_uart.o
    0x08001446   0x00000052   Code   RO          805    i.DeQueue           queue.o
    0x08001498   0x00000002   Code   RO         1497    i.DebugMon_Handler  stm32f10x_it.o
    0x0800149a   0x00000056   Code   RO          806    i.EnQueue           queue.o
    0x080014f0   0x0000000c   Code   RO         3300    i.FLASH_ClearFlag   stm32f10x_flash.o
    0x080014fc   0x0000004c   Code   RO         3305    i.FLASH_ErasePage   stm32f10x_flash.o
    0x08001548   0x00000034   Code   RO         3306    i.FLASH_GetBank1Status  stm32f10x_flash.o
    0x0800157c   0x00000014   Code   RO         3315    i.FLASH_Lock        stm32f10x_flash.o
    0x08001590   0x00000040   Code   RO         3318    i.FLASH_ProgramHalfWord  stm32f10x_flash.o
    0x080015d0   0x00000018   Code   RO         3323    i.FLASH_Unlock      stm32f10x_flash.o
    0x080015e8   0x00000026   Code   RO         3327    i.FLASH_WaitForLastOperation  stm32f10x_flash.o
    0x0800160e   0x00000002   PAD
    0x08001610   0x00000038   Code   RO          950    i.FeiyanIMEI        luat_air208.o
    0x08001648   0x00000112   Code   RO         2720    i.GPIO_Init         stm32f10x_gpio.o
    0x0800175a   0x00000002   PAD
    0x0800175c   0x00000090   Code   RO         2722    i.GPIO_PinRemapConfig  stm32f10x_gpio.o
    0x080017ec   0x00000008   Code   RO         2723    i.GPIO_ReadInputData  stm32f10x_gpio.o
    0x080017f4   0x00000054   Code   RO         6576    i.GPRS_DeQueue      gprsqueue.o
    0x08001848   0x00000056   Code   RO         6577    i.GPRS_EnQueue      gprsqueue.o
    0x0800189e   0x00000016   Code   RO         6580    i.GPRS_InitQueue    gprsqueue.o
    0x080018b4   0x00000012   Code   RO         6581    i.GPRS_IsQueueEmpty  gprsqueue.o
    0x080018c6   0x00000002   PAD
    0x080018c8   0x00000030   Code   RO          952    i.GetCsqSend        luat_air208.o
    0x080018f8   0x0000002c   Code   RO          807    i.GetHead           queue.o
    0x08001924   0x00000038   Code   RO          953    i.GetICCIDSend      luat_air208.o
    0x0800195c   0x00000038   Code   RO          954    i.GetIMEISend       luat_air208.o
    0x08001994   0x00000030   Code   RO          955    i.GetNtpTimeSend    luat_air208.o
    0x080019c4   0x00000058   Code   RO         1498    i.HardFault_Handler  stm32f10x_it.o
    0x08001a1c   0x00000010   Code   RO         4642    i.IWDG_Enable       stm32f10x_iwdg.o
    0x08001a2c   0x00000008   Code   RO         1724    i.IWDG_Feed         bsp_iwdg.o
    0x08001a34   0x00000010   Code   RO         4644    i.IWDG_ReloadCounter  stm32f10x_iwdg.o
    0x08001a44   0x0000000c   Code   RO         4645    i.IWDG_SetPrescaler  stm32f10x_iwdg.o
    0x08001a50   0x0000000c   Code   RO         4646    i.IWDG_SetReload    stm32f10x_iwdg.o
    0x08001a5c   0x0000000c   Code   RO         4647    i.IWDG_WriteAccessCmd  stm32f10x_iwdg.o
    0x08001a68   0x00000120   Code   RO         1799    i.InitHardUart      bsp_uart.o
    0x08001b88   0x00000016   Code   RO          809    i.InitQueue         queue.o
    0x08001b9e   0x00000002   PAD
    0x08001ba0   0x00000044   Code   RO          532    i.Init_SoftPara     data.o
    0x08001be4   0x00000012   Code   RO          810    i.IsQueueEmpty      queue.o
    0x08001bf6   0x00000002   PAD
    0x08001bf8   0x00000428   Code   RO          533    i.JsonTask          data.o
    0x08002020   0x00000044   Code   RO          534    i.Led_Task          data.o
    0x08002064   0x00000054   Code   RO         1627    i.LoadParam         param.o
    0x080020b8   0x00000004   Code   RO         1499    i.MemManage_Handler  stm32f10x_it.o
    0x080020bc   0x00000012   Code   RO         5194    i.Mem_Clr           lib_mem.o
    0x080020ce   0x00000054   Code   RO         5221    i.Mem_Set           lib_mem.o
    0x08002122   0x00000002   Code   RO         1500    i.NMI_Handler       stm32f10x_it.o
    0x08002124   0x00000074   Code   RO         2522    i.NVIC_Init         misc.o
    0x08002198   0x00000014   Code   RO         2523    i.NVIC_PriorityGroupConfig  misc.o
    0x080021ac   0x00000038   Code   RO          956    i.NetCheckSend      luat_air208.o
    0x080021e4   0x00000002   Code   RO         5526    i.OSCfg_Init        os_cfg_app.o
    0x080021e6   0x00000002   PAD
    0x080021e8   0x00000014   Code   RO         6421    i.OSIdleTaskHook    os_cpu_c.o
    0x080021fc   0x00000130   Code   RO         5546    i.OSInit            os_core.o
    0x0800232c   0x00000038   Code   RO         6422    i.OSInitHook        os_cpu_c.o
    0x08002364   0x0000002c   Code   RO         5547    i.OSIntEnter        os_core.o
    0x08002390   0x000000e0   Code   RO         5548    i.OSIntExit         os_core.o
    0x08002470   0x00000080   Code   RO         5831    i.OSMutexCreate     os_mutex.o
    0x080024f0   0x00000204   Code   RO         5832    i.OSMutexPend       os_mutex.o
    0x080026f4   0x00000190   Code   RO         5833    i.OSMutexPost       os_mutex.o
    0x08002884   0x000000a8   Code   RO         5549    i.OSSched           os_core.o
    0x0800292c   0x00000078   Code   RO         5550    i.OSSchedLock       os_core.o
    0x080029a4   0x00000098   Code   RO         5551    i.OSSchedUnlock     os_core.o
    0x08002a3c   0x00000098   Code   RO         5552    i.OSStart           os_core.o
    0x08002ad4   0x00000170   Code   RO         6078    i.OSTaskCreate      os_task.o
    0x08002c44   0x00000018   Code   RO         6424    i.OSTaskCreateHook  os_cpu_c.o
    0x08002c5c   0x00000018   Code   RO         6426    i.OSTaskReturnHook  os_cpu_c.o
    0x08002c74   0x000001e0   Code   RO         6086    i.OSTaskSemPend     os_task.o
    0x08002e54   0x00000024   Code   RO         6088    i.OSTaskSemPost     os_task.o
    0x08002e78   0x000000c4   Code   RO         6427    i.OSTaskStkInit     os_cpu_c.o
    0x08002f3c   0x0000007c   Code   RO         6428    i.OSTaskSwHook      os_cpu_c.o
    0x08002fb8   0x000000bc   Code   RO         6274    i.OSTimeDly         os_time.o
    0x08003074   0x00000124   Code   RO         6275    i.OSTimeDlyHMSM     os_time.o
    0x08003198   0x00000054   Code   RO         6278    i.OSTimeTick        os_time.o
    0x080031ec   0x00000014   Code   RO         6429    i.OSTimeTickHook    os_cpu_c.o
    0x08003200   0x00000036   Code   RO         6430    i.OS_CPU_SysTickHandler  os_cpu_c.o
    0x08003236   0x00000002   PAD
    0x08003238   0x00000184   Code   RO         5726    i.OS_Dbg_Init       os_dbg.o
    0x080033bc   0x0000003c   Code   RO         5554    i.OS_IdleTask       os_core.o
    0x080033f8   0x00000070   Code   RO         5555    i.OS_IdleTaskInit   os_core.o
    0x08003468   0x0000005c   Code   RO         5795    i.OS_MsgPoolInit    os_msg.o
    0x080034c4   0x0000000e   Code   RO         5798    i.OS_MsgQInit       os_msg.o
    0x080034d2   0x00000002   PAD
    0x080034d4   0x00000030   Code   RO         5835    i.OS_MutexDbgListAdd  os_mutex.o
    0x08003504   0x00000008   Code   RO         5837    i.OS_MutexGrpAdd    os_mutex.o
    0x0800350c   0x0000002c   Code   RO         5839    i.OS_MutexGrpPrioFindHighest  os_mutex.o
    0x08003538   0x0000001c   Code   RO         5840    i.OS_MutexGrpRemove  os_mutex.o
    0x08003554   0x00000060   Code   RO         5556    i.OS_Pend           os_core.o
    0x080035b4   0x00000014   Code   RO         5558    i.OS_PendDataInit   os_core.o
    0x080035c8   0x0000005c   Code   RO         5559    i.OS_PendDbgNameAdd  os_core.o
    0x08003624   0x00000024   Code   RO         5560    i.OS_PendDbgNameRemove  os_core.o
    0x08003648   0x00000038   Code   RO         5561    i.OS_PendListChangePrio  os_core.o
    0x08003680   0x0000000a   Code   RO         5562    i.OS_PendListInit   os_core.o
    0x0800368a   0x00000066   Code   RO         5563    i.OS_PendListInsertPrio  os_core.o
    0x080036f0   0x00000032   Code   RO         5564    i.OS_PendListRemove  os_core.o
    0x08003722   0x00000042   Code   RO         5565    i.OS_PendListRemove1  os_core.o
    0x08003764   0x000000b2   Code   RO         5567    i.OS_Post           os_core.o
    0x08003816   0x00000002   PAD
    0x08003818   0x00000018   Code   RO         5903    i.OS_PrioGetHighest  os_prio.o
    0x08003830   0x00000018   Code   RO         5904    i.OS_PrioInit       os_prio.o
    0x08003848   0x00000024   Code   RO         5905    i.OS_PrioInsert     os_prio.o
    0x0800386c   0x00000024   Code   RO         5906    i.OS_PrioRemove     os_prio.o
    0x08003890   0x00000024   Code   RO         5568    i.OS_RdyListInit    os_core.o
    0x080038b4   0x0000002c   Code   RO         5569    i.OS_RdyListInsert  os_core.o
    0x080038e0   0x00000040   Code   RO         5570    i.OS_RdyListInsertHead  os_core.o
    0x08003920   0x0000003c   Code   RO         5571    i.OS_RdyListInsertTail  os_core.o
    0x0800395c   0x0000005c   Code   RO         5573    i.OS_RdyListRemove  os_core.o
    0x080039b8   0x0000002c   Code   RO         5574    i.OS_TaskBlock      os_core.o
    0x080039e4   0x000000ec   Code   RO         6092    i.OS_TaskChangePrio  os_task.o
    0x08003ad0   0x00000030   Code   RO         6093    i.OS_TaskDbgListAdd  os_task.o
    0x08003b00   0x00000020   Code   RO         6095    i.OS_TaskInit       os_task.o
    0x08003b20   0x000000b0   Code   RO         6096    i.OS_TaskInitTCB    os_task.o
    0x08003bd0   0x00000024   Code   RO         6099    i.OS_TaskReturn     os_task.o
    0x08003bf4   0x000001f0   Code   RO         6100    i.OS_TaskSemPost    os_task.o
    0x08003de4   0x00000086   Code   RO         6228    i.OS_TickListInsert  os_tick.o
    0x08003e6a   0x00000002   PAD
    0x08003e6c   0x000000a8   Code   RO         6229    i.OS_TickListInsertDly  os_tick.o
    0x08003f14   0x00000058   Code   RO         6230    i.OS_TickListRemove  os_tick.o
    0x08003f6c   0x000000a8   Code   RO         6231    i.OS_TickListUpdateDly  os_tick.o
    0x08004014   0x00000120   Code   RO         6232    i.OS_TickListUpdateTimeout  os_tick.o
    0x08004134   0x00000074   Code   RO         6233    i.OS_TickTask       os_tick.o
    0x080041a8   0x000000c8   Code   RO         6234    i.OS_TickTaskInit   os_tick.o
    0x08004270   0x00000134   Code   RO         6320    i.OS_TmrInit        os_tmr.o
    0x080043a4   0x00000018   Code   RO         6321    i.OS_TmrLock        os_tmr.o
    0x080043bc   0x00000094   Code   RO         6322    i.OS_TmrTask        os_tmr.o
    0x08004450   0x00000044   Code   RO         6323    i.OS_TmrUnlink      os_tmr.o
    0x08004494   0x00000014   Code   RO         6324    i.OS_TmrUnlock      os_tmr.o
    0x080044a8   0x0000033c   Code   RO          727    i.Para_Change_Check  modbus_485.o
    0x080047e4   0x00000054   Code   RO          535    i.Para_Save_Check   data.o
    0x08004838   0x000002c4   Code   RO          957    i.Parse_208         luat_air208.o
    0x08004afc   0x00000020   Code   RO         2905    i.RCC_AHBPeriphClockCmd  stm32f10x_rcc.o
    0x08004b1c   0x00000020   Code   RO         2906    i.RCC_APB1PeriphClockCmd  stm32f10x_rcc.o
    0x08004b3c   0x00000020   Code   RO         2908    i.RCC_APB2PeriphClockCmd  stm32f10x_rcc.o
    0x08004b5c   0x00000014   Code   RO         2912    i.RCC_ClearFlag     stm32f10x_rcc.o
    0x08004b70   0x000000d4   Code   RO         2916    i.RCC_GetClocksFreq  stm32f10x_rcc.o
    0x08004c44   0x0000003c   Code   RO         2917    i.RCC_GetFlagStatus  stm32f10x_rcc.o
    0x08004c80   0x0000000c   Code   RO         2925    i.RCC_LSICmd        stm32f10x_rcc.o
    0x08004c8c   0x0000002c   Code   RO         1800    i.RS485_InitTXE     bsp_uart.o
    0x08004cb8   0x00000002   Code   RO         1801    i.RS485_ReciveNew   bsp_uart.o
    0x08004cba   0x00000002   PAD
    0x08004cbc   0x00000014   Code   RO         1802    i.RS485_SendBefor   bsp_uart.o
    0x08004cd0   0x00000014   Code   RO         1804    i.RS485_SendOver    bsp_uart.o
    0x08004ce4   0x00000054   Code   RO          958    i.ResolveCSQ        luat_air208.o
    0x08004d38   0x0000003c   Code   RO          960    i.ResolveICCIDstr   luat_air208.o
    0x08004d74   0x0000003c   Code   RO          962    i.ResolveIMEIstr    luat_air208.o
    0x08004db0   0x0000008c   Code   RO          963    i.ResolveLinkID     luat_air208.o
    0x08004e3c   0x0000016c   Code   RO          964    i.ResolveNtpTime    luat_air208.o
    0x08004fa8   0x00000002   Code   RO         1502    i.SVC_Handler       stm32f10x_it.o
    0x08004faa   0x00000002   PAD
    0x08004fac   0x00000034   Code   RO         1628    i.SaveParam         param.o
    0x08004fe0   0x0000024c   Code   RO         1112    i.Send_JsonHeatBeatMsg  netmessage.o
    0x0800522c   0x00000030   Code   RO          812    i.SetHead           queue.o
    0x0800525c   0x00000008   Code   RO         4790    i.SetSysClock       system_stm32f10x.o
    0x08005264   0x000000dc   Code   RO         4791    i.SetSysClockTo72   system_stm32f10x.o
    0x08005340   0x00000060   Code   RO         4793    i.SystemInit        system_stm32f10x.o
    0x080053a0   0x0000009c   Code   RO         1996    i.TIM2_IRQHandler   bsp_timer.o
    0x0800543c   0x00000006   Code   RO         3773    i.TIM_ClearITPendingBit  stm32f10x_tim.o
    0x08005442   0x00000022   Code   RO         3799    i.TIM_GetITStatus   stm32f10x_tim.o
    0x08005464   0x00000012   Code   RO         3803    i.TIM_ITConfig      stm32f10x_tim.o
    0x08005476   0x00000046   Code   RO          871    i.T_DeQueue         trans_queue.o
    0x080054bc   0x0000004c   Code   RO          872    i.T_EnQueue         trans_queue.o
    0x08005508   0x00000014   Code   RO          875    i.T_InitQueue       trans_queue.o
    0x0800551c   0x00000010   Code   RO          876    i.T_IsQueueEmpty    trans_queue.o
    0x0800552c   0x00000084   Code   RO         1997    i.TimeTickHook      bsp_timer.o
    0x080055b0   0x000004a4   Code   RO          965    i.TransparentTask   luat_air208.o
    0x08005a54   0x00000100   Code   RO          728    i.UART485_Init      modbus_485.o
    0x08005b54   0x000001f8   Code   RO          729    i.UART485_Master    modbus_485.o
    0x08005d4c   0x000004a4   Code   RO          730    i.UART485_MbMt_rep  modbus_485.o
    0x080061f0   0x00000418   Code   RO          731    i.UART485_MbMt_req  modbus_485.o
    0x08006608   0x0000003c   Code   RO         1806    i.USART1_IRQHandler  bsp_uart.o
    0x08006644   0x0000003c   Code   RO         1807    i.USART2_IRQHandler  bsp_uart.o
    0x08006680   0x00000012   Code   RO         3112    i.USART_ClearFlag   stm32f10x_usart.o
    0x08006692   0x00000018   Code   RO         3116    i.USART_Cmd         stm32f10x_usart.o
    0x080066aa   0x00000054   Code   RO         3120    i.USART_GetITStatus  stm32f10x_usart.o
    0x080066fe   0x0000004a   Code   RO         3122    i.USART_ITConfig    stm32f10x_usart.o
    0x08006748   0x000000d8   Code   RO         3123    i.USART_Init        stm32f10x_usart.o
    0x08006820   0x0000000a   Code   RO         3130    i.USART_ReceiveData  stm32f10x_usart.o
    0x0800682a   0x00000008   Code   RO         3133    i.USART_SendData    stm32f10x_usart.o
    0x08006832   0x00000002   PAD
    0x08006834   0x00000110   Code   RO          734    i.Uart485_Task      modbus_485.o
    0x08006944   0x000000ee   Code   RO         1809    i.UartIRQ           bsp_uart.o
    0x08006a32   0x000000aa   Code   RO         1810    i.UartSend          bsp_uart.o
    0x08006adc   0x00000090   Code   RO         1811    i.UartVarInit       bsp_uart.o
    0x08006b6c   0x00000004   Code   RO         1503    i.UsageFault_Handler  stm32f10x_it.o
    0x08006b70   0x00000028   Code   RO         6919    i.__0sprintf        mc_w.l(printfa.o)
    0x08006b98   0x00000028   Code   RO         6997    i.__ARM_fpclassify  m_ws.l(fpclassify.o)
    0x08006bc0   0x00000008   Code   RO         7037    i.__aeabi_errno_addr  mc_w.l(errno.o)
    0x08006bc8   0x000000aa   Code   RO         6999    i.__kernel_poly     m_ws.l(poly.o)
    0x08006c72   0x00000002   PAD
    0x08006c74   0x00000010   Code   RO         6995    i.__mathlib_dbl_underflow  m_ws.l(dunder.o)
    0x08006c84   0x0000000e   Code   RO         7097    i.__scatterload_copy  mc_w.l(handlers.o)
    0x08006c92   0x00000002   Code   RO         7098    i.__scatterload_null  mc_w.l(handlers.o)
    0x08006c94   0x0000000e   Code   RO         7099    i.__scatterload_zeroinit  mc_w.l(handlers.o)
    0x08006ca2   0x00000002   PAD
    0x08006ca4   0x0000000c   Code   RO         7039    i.__set_errno       mc_w.l(errno.o)
    0x08006cb0   0x0000015c   Code   RO         6924    i._fp_digits        mc_w.l(printfa.o)
    0x08006e0c   0x000006f0   Code   RO         6925    i._printf_core      mc_w.l(printfa.o)
    0x080074fc   0x00000026   Code   RO         6926    i._printf_post_padding  mc_w.l(printfa.o)
    0x08007522   0x00000030   Code   RO         6927    i._printf_pre_padding  mc_w.l(printfa.o)
    0x08007552   0x0000000a   Code   RO         6929    i._sputc            mc_w.l(printfa.o)
    0x0800755c   0x00000034   Code   RO         1999    i.bsp_CheckTimer    bsp_timer.o
    0x08007590   0x00000044   Code   RO         2474    i.bsp_CmpCpuFlash   bsp_cpu_flash.o
    0x080075d4   0x00000034   Code   RO         2002    i.bsp_GetRunTime    bsp_timer.o
    0x08007608   0x0000000a   Code   RO         2475    i.bsp_GetSector     bsp_cpu_flash.o
    0x08007612   0x00000024   Code   RO         1581    i.bsp_Init          bsp.o
    0x08007636   0x00000002   PAD
    0x08007638   0x0000002c   Code   RO         2383    i.bsp_InitDout      bsp_dout.o
    0x08007664   0x0000004c   Code   RO         1725    i.bsp_InitIwdg      bsp_iwdg.o
    0x080076b0   0x00000044   Code   RO         1753    i.bsp_InitLed       bsp_led.o
    0x080076f4   0x00000014   Code   RO         1812    i.bsp_InitUart      bsp_uart.o
    0x08007708   0x00000014   Code   RO         1755    i.bsp_LedOff        bsp_led.o
    0x0800771c   0x00000018   Code   RO         1757    i.bsp_LedToggle     bsp_led.o
    0x08007734   0x0000002c   Code   RO         2476    i.bsp_ReadCpuFlash  bsp_cpu_flash.o
    0x08007760   0x00000002   Code   RO         1582    i.bsp_RunPer10ms    bsp.o
    0x08007762   0x00000002   Code   RO         1583    i.bsp_RunPer1ms     bsp.o
    0x08007764   0x0000001c   Code   RO         2005    i.bsp_SoftTimerDec  bsp_timer.o
    0x08007780   0x00000068   Code   RO         2008    i.bsp_StartTimer    bsp_timer.o
    0x080077e8   0x00000058   Code   RO         2009    i.bsp_StopTimer     bsp_timer.o
    0x08007840   0x000000b6   Code   RO         2477    i.bsp_WriteCpuFlash  bsp_cpu_flash.o
    0x080078f6   0x0000002a   Code   RO         1141    i.cJSON_AddItemToArray  cjson.o
    0x08007920   0x00000030   Code   RO         1142    i.cJSON_AddItemToObject  cjson.o
    0x08007950   0x00000024   Code   RO         1151    i.cJSON_CreateNumber  cjson.o
    0x08007974   0x00000012   Code   RO         1152    i.cJSON_CreateObject  cjson.o
    0x08007986   0x0000001c   Code   RO         1153    i.cJSON_CreateString  cjson.o
    0x080079a2   0x00000002   PAD
    0x080079a4   0x00000058   Code   RO         1156    i.cJSON_Delete      cjson.o
    0x080079fc   0x0000001e   Code   RO         1165    i.cJSON_GetObjectItem  cjson.o
    0x08007a1a   0x00000002   PAD
    0x08007a1c   0x00000020   Code   RO         1169    i.cJSON_New_Item    cjson.o
    0x08007a3c   0x00000010   Code   RO         1170    i.cJSON_Parse       cjson.o
    0x08007a4c   0x00000064   Code   RO         1171    i.cJSON_ParseWithOpts  cjson.o
    0x08007ab0   0x00000012   Code   RO         1174    i.cJSON_PrintUnformatted  cjson.o
    0x08007ac2   0x0000004c   Code   RO         1177    i.cJSON_strcasecmp  cjson.o
    0x08007b0e   0x00000002   PAD
    0x08007b10   0x0000002c   Code   RO         1178    i.cJSON_strdup      cjson.o
    0x08007b3c   0x00000038   Code   RO          623    i.calCRC16_modbus   crc.o
    0x08007b74   0x0000001c   Code   RO         1815    i.comClearRxFifo    bsp_uart.o
    0x08007b90   0x0000002e   Code   RO         1819    i.comSendBuf        bsp_uart.o
    0x08007bbe   0x00000002   PAD
    0x08007bc0   0x00000070   Code   RO         1180    i.ensure            cjson.o
    0x08007c30   0x000000dc   Code   RO         6642    i.floor             m_ws.l(floor.o)
    0x08007d0c   0x00000050   Code   RO         6945    i.free              mc_w.l(malloc.o)
    0x08007d5c   0x00000064   Code   RO          391    i.main              main.o
    0x08007dc0   0x0000006c   Code   RO         6946    i.malloc            mc_w.l(malloc.o)
    0x08007e2c   0x00000044   Code   RO         6502    i.my_mem_init       malloc.o
    0x08007e70   0x00000040   Code   RO         6504    i.my_mem_perused    malloc.o
    0x08007eb0   0x00000014   Code   RO         6508    i.mymemset          malloc.o
    0x08007ec4   0x000000ac   Code   RO         1181    i.parse_array       cjson.o
    0x08007f70   0x00000114   Code   RO         1182    i.parse_hex4        cjson.o
    0x08008084   0x000001bc   Code   RO         1183    i.parse_number      cjson.o
    0x08008240   0x00000114   Code   RO         1184    i.parse_object      cjson.o
    0x08008354   0x000001cc   Code   RO         1185    i.parse_string      cjson.o
    0x08008520   0x000000bc   Code   RO         1186    i.parse_value       cjson.o
    0x080085dc   0x000009e0   Code   RO         6646    i.pow               m_ws.l(pow.o)
    0x08008fbc   0x0000001c   Code   RO         1187    i.pow2gt            cjson.o
    0x08008fd8   0x00000250   Code   RO         1188    i.print_array       cjson.o
    0x08009228   0x00000198   Code   RO         1189    i.print_number      cjson.o
    0x080093c0   0x00000418   Code   RO         1190    i.print_object      cjson.o
    0x080097d8   0x00000010   Code   RO         1191    i.print_string      cjson.o
    0x080097e8   0x000001d4   Code   RO         1192    i.print_string_ptr  cjson.o
    0x080099bc   0x00000130   Code   RO         1193    i.print_value       cjson.o
    0x08009aec   0x00000012   Code   RO         1194    i.skip              cjson.o
    0x08009afe   0x0000004e   Code   RO         7003    i.sqrt              m_ws.l(sqrt.o)
    0x08009b4c   0x00000006   Code   RO         1195    i.suffix_object     cjson.o
    0x08009b52   0x00000002   PAD
    0x08009b54   0x00000018   Code   RO         2010    i.timing            bsp_timer.o
    0x08009b6c   0x00000020   Code   RO         1196    i.update            cjson.o
    0x08009b8c   0x00000400   Data   RO          625    .constdata          crc.o
    0x08009f8c   0x00000007   Data   RO         1197    .constdata          cjson.o
    0x08009f93   0x00000001   PAD
    0x08009f94   0x00000094   Data   RO         5528    .constdata          os_cfg_app.o
    0x0800a028   0x0000016c   Data   RO         5727    .constdata          os_dbg.o
    0x0800a194   0x0000000c   Data   RO         6511    .constdata          malloc.o
    0x0800a1a0   0x00000088   Data   RO         6647    .constdata          m_ws.l(pow.o)
    0x0800a228   0x00000008   Data   RO         7001    .constdata          m_ws.l(qnan.o)
    0x0800a230   0x00000081   Data   RO         7061    .constdata          mc_w.l(ctype_o.o)
    0x0800a2b1   0x00000003   PAD
    0x0800a2b4   0x00000004   Data   RO         7062    .constdata          mc_w.l(ctype_o.o)
    0x0800a2b8   0x00000020   Data   RO         7095    Region$$Table       anon$$obj.o


    Execution Region RW_IRAM1 (Base: 0x20000000, Size: 0x0000b090, Max: 0x0000c000, ABSOLUTE, COMPRESSED[0x00000038])

    Base Addr    Size         Type   Attr      Idx    E Section Name        Object

    0x20000000   0x00000008   Data   RW          539    .data               data.o
    0x20000008   0x00000018   Data   RW          736    .data               modbus_485.o
    0x20000020   0x00000003   Data   RW          967    .data               luat_air208.o
    0x20000023   0x00000001   PAD
    0x20000024   0x0000000c   Data   RW         1198    .data               cjson.o
    0x20000030   0x0000000c   Data   RW         1726    .data               bsp_iwdg.o
    0x2000003c   0x00000020   Data   RW         2012    .data               bsp_timer.o
    0x2000005c   0x00000014   Data   RW         2936    .data               stm32f10x_rcc.o
    0x20000070   0x0000001c   Data   RW         4859    .data               cpu_core.o
    0x2000008c   0x00000004   Data   RW         5907    .data               os_prio.o
    0x20000090   0x00000098   Data   RW         6405    .data               os_var.o
    0x20000128   0x00000004   Data   RW         6432    .data               os_cpu_c.o
    0x2000012c   0x00000014   Data   RW         6512    .data               malloc.o
    0x20000140   0x00000004   Data   RW         7035    .data               mc_w.l(mvars.o)
    0x20000144   0x00000004   Data   RW         7036    .data               mc_w.l(mvars.o)
    0x20000148   0x00000004   Data   RW         7040    .data               mc_w.l(errno.o)
    0x2000014c   0x00002ae0   Zero   RW          392    .bss                main.o
    0x20002c2c   0x00000084   Zero   RW          538    .bss                data.o
    0x20002cb0   0x00000aac   Zero   RW          659    .bss                modbus_gprs_iccid.o
    0x2000375c   0x000010e0   Zero   RW          735    .bss                modbus_485.o
    0x2000483c   0x00000584   Zero   RW          813    .bss                queue.o
    0x20004dc0   0x000001b0   Zero   RW          879    .bss                trans_queue.o
    0x20004f70   0x00000208   Zero   RW          966    .bss                luat_air208.o
    0x20005178   0x00000074   Zero   RW         1629    .bss                param.o
    0x200051ec   0x00000858   Zero   RW         1821    .bss                bsp_uart.o
    0x20005a44   0x000000f0   Zero   RW         2011    .bss                bsp_timer.o
    0x20005b34   0x00000010   Zero   RW         4857    .bss                cpu_core.o
    0x20005b44   0x00000a00   Zero   RW         5527    .bss                os_cfg_app.o
    0x20006544   0x000003e4   Zero   RW         6404    .bss                os_var.o
    0x20006928   0x00000018   PAD
    0x20006940   0x00000aa0   Zero   RW         6510    .bss                malloc.o
    0x200073e0   0x000028ac   Zero   RW         6584    .bss                gprsqueue.o
    0x20009c8c   0x00000004   PAD
    0x20009c90   0x00001000   Zero   RW         2514    HEAP                startup_stm32f10x_hd.o
    0x2000ac90   0x00000400   Zero   RW         2513    STACK               startup_stm32f10x_hd.o


==============================================================================

Image component sizes


      Code (inc. data)   RO Data    RW Data    ZI Data      Debug   Object Name

         0          0          0          0          0     307953   app.o
       156         12          0          0          0      24409   bsp.o
       304          0          0          0          0       4709   bsp_cpu_flash.o
        44          6          0          0          0        475   bsp_dout.o
        84          4          0         12          0       1571   bsp_iwdg.o
       112         22          0          0          0       1371   bsp_led.o
        64          0          0          0          0        543   bsp_os.o
       636         60          0         32        240       5018   bsp_timer.o
      1242         86          0          0       2136       9630   bsp_uart.o
      5424        256          7         12          0      22024   cjson.o
        52          0          0          0          0        316   cpu_a.o
        64         14          0          0          0      10388   cpu_bsp.o
       496         94          0         28         16       7909   cpu_core.o
        56          8       1024          0          0       1247   crc.o
      1284        124          0          8        132       4379   data.o
       210          0          0          0      10412       3165   gprsqueue.o
       102          0          0          0          0      12632   lib_mem.o
      3752        584          0          3        520      14218   luat_air208.o
       484        114          0          0      10976       3563   main.o
       152         24         12         20       2720       2886   malloc.o
       136         24          0          0          0       1595   misc.o
      4096        102          0         24       4320       9365   modbus_485.o
         0          0          0          0       2732       3422   modbus_gprs_iccid.o
       588         62          0          0          0       1339   netmessage.o
       160         56          0          0          0      21998   os_app_hooks.o
         2          0        148          0       2560      19387   os_cfg_app.o
      2382        358          0          0          0      15720   os_core.o
       190          0          0          0          0        352   os_cpu_a.o
       518         46          0          4          0       5919   os_cpu_c.o
       388        254        364          0          0       4653   os_dbg.o
       106         12          0          0          0       1467   os_msg.o
      1172         60          0          0          0       5431   os_mutex.o
       120         20          0          4          0       2614   os_prio.o
      1908        104          0          0          0       7499   os_task.o
      1162         90          0          0          0       5571   os_tick.o
       564         50          0          0          0       2557   os_time.o
       568        142          0          0          0       3161   os_tmr.o
         0          0          0        152        996      18228   os_var.o
       136         28          0          0        116       1563   param.o
       300          0          0          0       1412       4143   queue.o
        36          8        304          0       5120        880   startup_stm32f10x_hd.o
       286         36          0          0          0       3992   stm32f10x_flash.o
       426          6          0          0          0       3387   stm32f10x_gpio.o
       106         50          0          0          0       2995   stm32f10x_it.o
        68         30          0          0          0       2550   stm32f10x_iwdg.o
       400         54          0         20          0       6739   stm32f10x_rcc.o
        58          0          0          0          0       2393   stm32f10x_tim.o
       434          6          0          0          0       6173   stm32f10x_usart.o
       324         26          0          0          0       1833   system_stm32f10x.o
       182          0          0          0        432       3705   trans_queue.o

    ----------------------------------------------------------------------
     31578       3032       1892        320      44868     609037   Object Totals
         0          0         32          0          0          0   (incl. Generated)
        44          0          1          1         28          0   (incl. Padding)

    ----------------------------------------------------------------------

      Code (inc. data)   RO Data    RW Data    ZI Data      Debug   Library Member Name

        16          6          0          0          0         68   dunder.o
       220         16          0          0          0         84   floor.o
        40          0          0          0          0         68   fpclassify.o
       170          0          0          0          0         96   poly.o
      2528        190        136          0          0        316   pow.o
         0          0          8          0          0          0   qnan.o
        78          0          0          0          0         84   sqrt.o
        58          0          0          0          0          0   __dczerorl.o
        28          0          0          0          0         68   _chval.o
       158          0          0          0          0         92   _strtoul.o
        26          0          0          0          0         80   atoi.o
         8          4        133          0          0         68   ctype_o.o
         0          0          0          0          0          0   entry.o
         0          0          0          0          0          0   entry10a.o
         0          0          0          0          0          0   entry11a.o
         8          4          0          0          0          0   entry2.o
         4          0          0          0          0          0   entry5.o
         0          0          0          0          0          0   entry7b.o
         0          0          0          0          0          0   entry8b.o
         8          4          0          0          0          0   entry9a.o
        20         10          0          4          0        136   errno.o
        30          0          0          0          0          0   handlers.o
        36          8          0          0          0         68   init.o
         0          0          0          0          0          0   iusefp.o
        30          0          0          0          0         68   llshl.o
        36          0          0          0          0         68   llsshr.o
        32          0          0          0          0         68   llushr.o
       188         20          0          0          0        160   malloc.o
        36          0          0          0          0         68   memcpya.o
        36          0          0          0          0        108   memseta.o
         0          0          0          8          0          0   mvars.o
      2260         86          0          0          0        512   printfa.o
        24          0          0          0          0         68   strcat.o
        20          0          0          0          0         68   strchr.o
        18          0          0          0          0         68   strcpy.o
        14          0          0          0          0         68   strlen.o
        30          0          0          0          0         80   strncmp.o
        36          0          0          0          0         80   strstr.o
       112          0          0          0          0         88   strtol.o
        12          0          0          0          0         68   tolower.o
        44          0          0          0          0         80   uidiv.o
        98          0          0          0          0         92   uldiv.o
        40          2          0          0          0         68   cdcmple.o
        40          2          0          0          0         68   cdrcmple.o
       334          0          0          0          0        144   dadd.o
       222          0          0          0          0        100   ddiv.o
       190          0          0          0          0        176   depilogue.o
        62          0          0          0          0         80   dfixi.o
        48          0          0          0          0         68   dfixul.o
        34          0          0          0          0         76   dflti.o
        26          0          0          0          0         76   dfltui.o
       228          0          0          0          0         92   dmul.o
        46          0          0          0          0         80   dscalb.o
       162          0          0          0          0        100   dsqrt.o
        38          0          0          0          0         68   f2d.o

    ----------------------------------------------------------------------
      7938        352        280         12          0       4236   Library Totals
         6          0          3          0          0          0   (incl. Padding)

    ----------------------------------------------------------------------

      Code (inc. data)   RO Data    RW Data    ZI Data      Debug   Library Name

      3052        212        144          0          0        716   m_ws.l
      3410        136        133         12          0       2324   mc_w.l
      1470          4          0          0          0       1196   mf_w.l

    ----------------------------------------------------------------------
      7938        352        280         12          0       4236   Library Totals

    ----------------------------------------------------------------------

==============================================================================


      Code (inc. data)   RO Data    RW Data    ZI Data      Debug   

     39516       3384       2172        332      44868     597257   Grand Totals
     39516       3384       2172         56      44868     597257   ELF Image Totals (compressed)
     39516       3384       2172         56          0          0   ROM Totals

==============================================================================

    Total RO  Size (Code + RO Data)                41688 (  40.71kB)
    Total RW  Size (RW Data + ZI Data)             45200 (  44.14kB)
    Total ROM Size (Code + RO Data + RW Data)      41744 (  40.77kB)

==============================================================================

